This is pdfTeX, Version 3.141592653-2.6-1.40.28 (MiKTeX 25.12) (preloaded format=pdflatex 2026.4.24)  25 APR 2026 19:26
entering extended mode
 restricted \write18 enabled.
 %&-line parsing enabled.
**./thesis.tex
(thesis.tex
LaTeX2e <2025-11-01>
L3 programming layer <2025-12-24>
(cefet.cls
Document Class: cefet 2011/02/08\ v2.2\ CEFET/RJ-NI
(C:\Users\lucas\AppData\Local\Programs\MiKTeX\tex/latex/base\book.cls
Document Class: book 2025/01/22 v1.4n Standard LaTeX document class
(C:\Users\lucas\AppData\Local\Programs\MiKTeX\tex/latex/base\bk12.clo
File: bk12.clo 2025/01/22 v1.4n Standard LaTeX file (size option)
)
\c@part=\count275
\c@chapter=\count276
\c@section=\count277
\c@subsection=\count278
\c@subsubsection=\count279
\c@paragraph=\count280
\c@subparagraph=\count281
\c@figure=\count282
\c@table=\count283
\abovecaptionskip=\skip49
\belowcaptionskip=\skip50
\bibindent=\dimen148
)
(C:\Users\lucas\AppData\Local\Programs\MiKTeX\tex/latex/natbib\natbib.sty
Package: natbib 2010/09/13 8.31b (PWD, AO)
\bibhang=\skip51
\bibsep=\skip52
LaTeX Info: Redefining \cite on input line 694.
\c@NAT@ctr=\count284
)
(C:\Users\lucas\AppData\Local\Programs\MiKTeX\tex/latex/hyphenat\hyphenat.sty
Package: hyphenat 2009/09/02 v2.3c hyphenation utilities
\langwohyphens=\language79
LaTeX Info: Redefining \_ on input line 43.
)
(C:\Users\lucas\AppData\Local\Programs\MiKTeX\tex/latex/lastpage\lastpage.sty
Package: lastpage 2025/08/14 v2.1h lastpage: 2.09 or 2e? (HMM)

(C:\Users\lucas\AppData\Local\Programs\MiKTeX\tex/latex/lastpage\lastpage2e.sty
Package: lastpage2e 2025/08/14 v2.1h Decide which 2e lastpage version to use (H
MM)

(C:\Users\lucas\AppData\Local\Programs\MiKTeX\tex/latex/lastpage\lastpagemodern
.sty
Package: lastpagemodern 2025-08-14 v2.1h Refers to last page's name (HMM; JPG)
\c@lastpagecount=\count285
) 
)) (C:\Users\lucas\AppData\Local\Programs\MiKTeX\tex/generic/babel\babel.sty
Package: babel 2025/12/11 v25.17 The multilingual framework for LuaLaTeX, pdfLa
TeX and XeLaTeX
\babel@savecnt=\count286
LaTeX Encoding Info:    Redeclaring text command \ij (encoding OT1) on input li
ne 2068.
LaTeX Encoding Info:    Redeclaring text command \IJ (encoding OT1) on input li
ne 2070.
LaTeX Encoding Info:    Redeclaring text command \ij (encoding T1) on input lin
e 2072.
LaTeX Encoding Info:    Redeclaring text command \IJ (encoding T1) on input lin
e 2073.
LaTeX Encoding Info:    Ignoring declaration for text command \ij (encoding ?) 
on input line 2074.
LaTeX Encoding Info:    Ignoring declaration for text command \IJ (encoding ?) 
on input line 2076.
LaTeX Encoding Info:    Ignoring declaration for text command \SS (encoding ?) 
on input line 2101.
\U@D=\dimen149
\l@unhyphenated=\language80

(C:\Users\lucas\AppData\Local\Programs\MiKTeX\tex/generic/babel\txtbabel.def)
\bbl@readstream=\read2
\bbl@dirlevel=\count287
Package babel Info: Configuration files are deprecated, as
(babel)             they can break document portability.
(babel)             Reported on input line 4196.

*************************************
* Local config file bblopts.cfg used
*
(C:\Users\lucas\AppData\Local\Programs\MiKTeX\tex/latex/arabi\bblopts.cfg
File: bblopts.cfg 2005/09/08 v0.1 add Arabic and Farsi to "declared" options of
 babel
)
(C:\Users\lucas\AppData\Local\Programs\MiKTeX\tex/generic/babel/locale/en\babel
-english.tex)
(C:\Users\lucas\AppData\Local\Programs\MiKTeX\tex/generic/babel/locale/invalid\
babel-brazil.tex)
Package babel Info: Importing font and identification data for english
(babel)             from babel-en.ini. Reported on input line 4320.

(C:\Users\lucas\AppData\Local\Programs\MiKTeX\tex/latex/babel-english\english.l
df
Language: english 2017/06/06 v3.3r English support from the babel system
Package babel Info: Hyphen rules for 'canadian' set to \l@english
(babel)             (\language0). Reported on input line 102.
Package babel Info: Hyphen rules for 'australian' set to \l@ukenglish
(babel)             (\language73). Reported on input line 105.
Package babel Info: Hyphen rules for 'newzealand' set to \l@ukenglish
(babel)             (\language73). Reported on input line 108.
)

Package babel Warning: Name 'brazil' is deprecated.
(babel)                Use 'brazilian' instead.
(babel)                Reported on input line 4320.

Package babel Info: Importing font and identification data for brazil
(babel)             from babel-pt-BR.ini. Reported on input line 4320.

(C:\Users\lucas\AppData\Local\Programs\MiKTeX\tex/latex/babel-portuges\brazilia
n.ldf
Language: portuges 2026/01/24 v1.2u Portuguese support from the babel system
Package babel Info: Hyphen rules for 'brazil' set to \l@portuguese
(babel)             (\language56). Reported on input line 100.
Package babel Info: Making " an active character on input line 132.
)) (C:\Users\lucas\AppData\Local\Programs\MiKTeX\tex/latex/base\ifthen.sty
Package: ifthen 2024/03/16 v1.1e Standard LaTeX ifthen package (DPC)
) (C:\Users\lucas\AppData\Local\Programs\MiKTeX\tex/latex/graphics\graphicx.sty
Package: graphicx 2024/12/31 v1.2e Enhanced LaTeX Graphics (DPC,SPQR)
(C:\Users\lucas\AppData\Local\Programs\MiKTeX\tex/latex/graphics\keyval.sty
Package: keyval 2022/05/29 v1.15 key=value parser (DPC)
\KV@toks@=\toks17
)
(C:\Users\lucas\AppData\Local\Programs\MiKTeX\tex/latex/graphics\graphics.sty
Package: graphics 2024/08/06 v1.4g Standard LaTeX Graphics (DPC,SPQR)

(C:\Users\lucas\AppData\Local\Programs\MiKTeX\tex/latex/graphics\trig.sty
Package: trig 2023/12/02 v1.11 sin cos tan (DPC)
)
(C:\Users\lucas\AppData\Local\Programs\MiKTeX\tex/latex/graphics-cfg\graphics.c
fg
File: graphics.cfg 2016/06/04 v1.11 sample graphics configuration
)
Package graphics Info: Driver file: pdftex.def on input line 106.

(C:\Users\lucas\AppData\Local\Programs\MiKTeX\tex/latex/graphics-def\pdftex.def
File: pdftex.def 2025/09/29 v1.2d Graphics/color driver for pdftex
))
\Gin@req@height=\dimen150
\Gin@req@width=\dimen151
)
(C:\Users\lucas\AppData\Local\Programs\MiKTeX\tex/latex/setspace\setspace.sty
Package: setspace 2022/12/04 v6.7b set line spacing
)
(C:\Users\lucas\AppData\Local\Programs\MiKTeX\tex/latex/tools\tabularx.sty
Package: tabularx 2023/12/11 v2.12a `tabularx' package (DPC)

(C:\Users\lucas\AppData\Local\Programs\MiKTeX\tex/latex/tools\array.sty
Package: array 2025/09/25 v2.6n Tabular extension package (FMi)
\col@sep=\dimen152
\ar@mcellbox=\box53
\extrarowheight=\dimen153
\NC@list=\toks18
\extratabsurround=\skip53
\backup@length=\skip54
\ar@cellbox=\box54
)
\TX@col@width=\dimen154
\TX@old@table=\dimen155
\TX@old@col=\dimen156
\TX@target=\dimen157
\TX@delta=\dimen158
\TX@cols=\count288
\TX@ftn=\toks19
)
(C:\Users\lucas\AppData\Local\Programs\MiKTeX\tex/latex/eqparbox\eqparbox.sty
Package: eqparbox 2017/09/03 v4.1 Create equal-widthed boxes
\eqp@tempdima=\skip55
\eqp@tempdimb=\skip56
\eqp@tabular@box=\box55
\eqp@list@box=\box56
\eqp@list@indent=\skip57

(C:\Users\lucas\AppData\Local\Programs\MiKTeX\tex/latex/environ\environ.sty
Package: environ 2014/05/04 v0.3 A new way to define environments

(C:\Users\lucas\AppData\Local\Programs\MiKTeX\tex/latex/trimspaces\trimspaces.s
ty
Package: trimspaces 2009/09/17 v1.1 Trim spaces around a token list
)
\@envbody=\toks20
))
(C:\Users\lucas\AppData\Local\Programs\MiKTeX\tex/generic/ltxcmds\ltxcmds.sty
Package: ltxcmds 2023-12-04 v1.26 LaTeX kernel commands for general use (HO)
)
(C:\Users\lucas\AppData\Local\Programs\MiKTeX\tex/latex/geometry\geometry.sty
Package: geometry 2026/03/07 v6.0 Page Geometry

(C:\Users\lucas\AppData\Local\Programs\MiKTeX\tex/generic/iftex\ifvtex.sty
Package: ifvtex 2019/10/25 v1.7 ifvtex legacy package. Use iftex instead.

(C:\Users\lucas\AppData\Local\Programs\MiKTeX\tex/generic/iftex\iftex.sty
Package: iftex 2024/12/12 v1.0g TeX engine tests
))
\Gm@cnth=\count289
\Gm@cntv=\count290
\c@Gm@tempcnt=\count291
\Gm@bindingoffset=\dimen159
\Gm@wd@mp=\dimen160
\Gm@odd@mp=\dimen161
\Gm@even@mp=\dimen162
\Gm@layoutwidth=\dimen163
\Gm@layoutheight=\dimen164
\Gm@layouthoffset=\dimen165
\Gm@layoutvoffset=\dimen166
\Gm@dimlist=\toks21

(C:\Users\lucas\AppData\Local\Programs\MiKTeX\tex/latex/geometry\geometry.cfg))
\@advisor=\count292
\@examiner=\count293
\c@keywords=\count294
\bibindent=\dimen167
) (C:\Users\lucas\AppData\Local\Programs\MiKTeX\tex/latex/amsmath\amsmath.sty
Package: amsmath 2025/07/09 v2.17z AMS math features
\@mathmargin=\skip58

For additional information on amsmath, use the `?' option.
(C:\Users\lucas\AppData\Local\Programs\MiKTeX\tex/latex/amsmath\amstext.sty
Package: amstext 2024/11/17 v2.01 AMS text

(C:\Users\lucas\AppData\Local\Programs\MiKTeX\tex/latex/amsmath\amsgen.sty
File: amsgen.sty 1999/11/30 v2.0 generic functions
\@emptytoks=\toks22
\ex@=\dimen168
))
(C:\Users\lucas\AppData\Local\Programs\MiKTeX\tex/latex/amsmath\amsbsy.sty
Package: amsbsy 1999/11/29 v1.2d Bold Symbols
\pmbraise@=\dimen169
)
(C:\Users\lucas\AppData\Local\Programs\MiKTeX\tex/latex/amsmath\amsopn.sty
Package: amsopn 2022/04/08 v2.04 operator names
)
\inf@bad=\count295
LaTeX Info: Redefining \frac on input line 233.
\uproot@=\count296
\leftroot@=\count297
LaTeX Info: Redefining \overline on input line 398.
LaTeX Info: Redefining \colon on input line 409.
\classnum@=\count298
\DOTSCASE@=\count299
LaTeX Info: Redefining \ldots on input line 495.
LaTeX Info: Redefining \dots on input line 498.
LaTeX Info: Redefining \cdots on input line 619.
\Mathstrutbox@=\box57
\strutbox@=\box58
LaTeX Info: Redefining \big on input line 721.
LaTeX Info: Redefining \Big on input line 722.
LaTeX Info: Redefining \bigg on input line 723.
LaTeX Info: Redefining \Bigg on input line 724.
\big@size=\dimen170
LaTeX Font Info:    Redeclaring font encoding OML on input line 742.
LaTeX Font Info:    Redeclaring font encoding OMS on input line 743.
\macc@depth=\count300
LaTeX Info: Redefining \bmod on input line 904.
LaTeX Info: Redefining \pmod on input line 909.
LaTeX Info: Redefining \smash on input line 939.
LaTeX Info: Redefining \relbar on input line 969.
LaTeX Info: Redefining \Relbar on input line 970.
\c@MaxMatrixCols=\count301
\dotsspace@=\muskip17
\c@parentequation=\count302
\dspbrk@lvl=\count303
\tag@help=\toks23
\row@=\count304
\column@=\count305
\maxfields@=\count306
\andhelp@=\toks24
\eqnshift@=\dimen171
\alignsep@=\dimen172
\tagshift@=\dimen173
\tagwidth@=\dimen174
\totwidth@=\dimen175
\lineht@=\dimen176
\@envbody=\toks25
\multlinegap=\skip59
\multlinetaggap=\skip60
\mathdisplay@stack=\toks26
LaTeX Info: Redefining \[ on input line 2950.
LaTeX Info: Redefining \] on input line 2951.
)
(C:\Users\lucas\AppData\Local\Programs\MiKTeX\tex/latex/amsfonts\amssymb.sty
Package: amssymb 2013/01/14 v3.01 AMS font symbols

(C:\Users\lucas\AppData\Local\Programs\MiKTeX\tex/latex/amsfonts\amsfonts.sty
Package: amsfonts 2013/01/14 v3.01 Basic AMSFonts support
\symAMSa=\mathgroup4
\symAMSb=\mathgroup5
LaTeX Font Info:    Redeclaring math symbol \hbar on input line 98.
LaTeX Font Info:    Overwriting math alphabet `\mathfrak' in version `bold'
(Font)                  U/euf/m/n --> U/euf/b/n on input line 106.
)) (C:\Users\lucas\AppData\Local\Programs\MiKTeX\tex/latex/hyperref\hyperref.st
y
Package: hyperref 2025-07-12 v7.01o Hypertext links for LaTeX

(C:\Users\lucas\AppData\Local\Programs\MiKTeX\tex/latex/kvsetkeys\kvsetkeys.sty
Package: kvsetkeys 2022-10-05 v1.19 Key value parser (HO)
)
(C:\Users\lucas\AppData\Local\Programs\MiKTeX\tex/generic/kvdefinekeys\kvdefine
keys.sty
Package: kvdefinekeys 2019-12-19 v1.6 Define keys (HO)
)
(C:\Users\lucas\AppData\Local\Programs\MiKTeX\tex/generic/pdfescape\pdfescape.s
ty
Package: pdfescape 2019/12/09 v1.15 Implements pdfTeX's escape features (HO)

(C:\Users\lucas\AppData\Local\Programs\MiKTeX\tex/generic/pdftexcmds\pdftexcmds
.sty
Package: pdftexcmds 2020-06-27 v0.33 Utility functions of pdfTeX for LuaTeX (HO
)

(C:\Users\lucas\AppData\Local\Programs\MiKTeX\tex/generic/infwarerr\infwarerr.s
ty
Package: infwarerr 2019/12/03 v1.5 Providing info/warning/error messages (HO)
)
Package pdftexcmds Info: \pdf@primitive is available.
Package pdftexcmds Info: \pdf@ifprimitive is available.
Package pdftexcmds Info: \pdfdraftmode found.
))
(C:\Users\lucas\AppData\Local\Programs\MiKTeX\tex/latex/hycolor\hycolor.sty
Package: hycolor 2020-01-27 v1.10 Color options for hyperref/bookmark (HO)
)
(C:\Users\lucas\AppData\Local\Programs\MiKTeX\tex/latex/hyperref\nameref.sty
Package: nameref 2025-06-21 v2.57 Cross-referencing by name of section

(C:\Users\lucas\AppData\Local\Programs\MiKTeX\tex/latex/refcount\refcount.sty
Package: refcount 2019/12/15 v3.6 Data extraction from label references (HO)
)
(C:\Users\lucas\AppData\Local\Programs\MiKTeX\tex/generic/gettitlestring\gettit
lestring.sty
Package: gettitlestring 2019/12/15 v1.6 Cleanup title references (HO)

(C:\Users\lucas\AppData\Local\Programs\MiKTeX\tex/latex/kvoptions\kvoptions.sty
Package: kvoptions 2022-06-15 v3.15 Key value format for package options (HO)
))
\c@section@level=\count307
)
(C:\Users\lucas\AppData\Local\Programs\MiKTeX\tex/latex/etoolbox\etoolbox.sty
Package: etoolbox 2025/10/02 v2.5m e-TeX tools for LaTeX (JAW)
\etb@tempcnta=\count308
)
(C:\Users\lucas\AppData\Local\Programs\MiKTeX\tex/generic/stringenc\stringenc.s
ty
Package: stringenc 2019/11/29 v1.12 Convert strings between diff. encodings (HO
)
)
\@linkdim=\dimen177
\Hy@linkcounter=\count309
\Hy@pagecounter=\count310
 (C:\Users\lucas\AppData\Local\Programs\MiKTeX\tex/latex/hyperref\pd1enc.def
File: pd1enc.def 2025-07-12 v7.01o Hyperref: PDFDocEncoding definition (HO)
Now handling font encoding PD1 ...
... no UTF-8 mapping file for font encoding PD1
) (C:\Users\lucas\AppData\Local\Programs\MiKTeX\tex/generic/intcalc\intcalc.sty
Package: intcalc 2019/12/15 v1.3 Expandable calculations with integers (HO)
)
\Hy@SavedSpaceFactor=\count311
 (C:\Users\lucas\AppData\Local\Programs\MiKTeX\tex/latex/hyperref\puenc.def
File: puenc.def 2025-07-12 v7.01o Hyperref: PDF Unicode definition (HO)
Now handling font encoding PU ...
... no UTF-8 mapping file for font encoding PU
)
Package hyperref Info: Hyper figures OFF on input line 4195.
Package hyperref Info: Link nesting OFF on input line 4200.
Package hyperref Info: Hyper index ON on input line 4203.
Package hyperref Info: Plain pages OFF on input line 4210.
Package hyperref Info: Backreferencing OFF on input line 4215.
Package hyperref Info: Implicit mode ON; LaTeX internals redefined.
Package hyperref Info: Bookmarks ON on input line 4462.
\c@Hy@tempcnt=\count312

(C:\Users\lucas\AppData\Local\Programs\MiKTeX\tex/latex/url\url.sty
\Urlmuskip=\muskip18
Package: url 2013/09/16  ver 3.4  Verb mode for urls, etc.
)
LaTeX Info: Redefining \url on input line 4801.
\XeTeXLinkMargin=\dimen178

(C:\Users\lucas\AppData\Local\Programs\MiKTeX\tex/generic/bitset\bitset.sty
Package: bitset 2019/12/09 v1.3 Handle bit-vector datatype (HO)

(C:\Users\lucas\AppData\Local\Programs\MiKTeX\tex/generic/bigintcalc\bigintcalc
.sty
Package: bigintcalc 2019/12/15 v1.5 Expandable calculations on big integers (HO
)
))
\Fld@menulength=\count313
\Field@Width=\dimen179
\Fld@charsize=\dimen180
Package hyperref Info: Hyper figures OFF on input line 6078.
Package hyperref Info: Link nesting OFF on input line 6083.
Package hyperref Info: Hyper index ON on input line 6086.
Package hyperref Info: backreferencing OFF on input line 6093.
Package hyperref Info: Link coloring OFF on input line 6098.
Package hyperref Info: Link coloring with OCG OFF on input line 6103.
Package hyperref Info: PDF/A mode OFF on input line 6108.
\Hy@abspage=\count314
\c@Item=\count315
\c@Hfootnote=\count316
)
Package hyperref Info: Driver (autodetected): hpdftex.

(C:\Users\lucas\AppData\Local\Programs\MiKTeX\tex/latex/hyperref\hpdftex.def
File: hpdftex.def 2025-07-12 v7.01o Hyperref driver for pdfTeX
\Fld@listcount=\count317
\c@bookmark@seq@number=\count318

(C:\Users\lucas\AppData\Local\Programs\MiKTeX\tex/latex/rerunfilecheck\rerunfil
echeck.sty
Package: rerunfilecheck 2025-06-21 v1.11 Rerun checks for auxiliary files (HO)

(C:\Users\lucas\AppData\Local\Programs\MiKTeX\tex/generic/uniquecounter\uniquec
ounter.sty
Package: uniquecounter 2019/12/15 v1.4 Provide unlimited unique counter (HO)
)
Package uniquecounter Info: New unique counter `rerunfilecheck' on input line 2
84.
)
\Hy@SectionHShift=\skip61
)
(C:\Users\lucas\AppData\Local\Programs\MiKTeX\tex/latex/base\fontenc.sty
Package: fontenc 2025/07/18 v2.1d Standard LaTeX package
)
(C:\Users\lucas\AppData\Local\Programs\MiKTeX\tex/latex/lm\lmodern.sty
Package: lmodern 2015/05/01 v1.6.1 Latin Modern Fonts
LaTeX Font Info:    Overwriting symbol font `operators' in version `normal'
(Font)                  OT1/cmr/m/n --> OT1/lmr/m/n on input line 22.
LaTeX Font Info:    Overwriting symbol font `letters' in version `normal'
(Font)                  OML/cmm/m/it --> OML/lmm/m/it on input line 23.
LaTeX Font Info:    Overwriting symbol font `symbols' in version `normal'
(Font)                  OMS/cmsy/m/n --> OMS/lmsy/m/n on input line 24.
LaTeX Font Info:    Overwriting symbol font `largesymbols' in version `normal'
(Font)                  OMX/cmex/m/n --> OMX/lmex/m/n on input line 25.
LaTeX Font Info:    Overwriting symbol font `operators' in version `bold'
(Font)                  OT1/cmr/bx/n --> OT1/lmr/bx/n on input line 26.
LaTeX Font Info:    Overwriting symbol font `letters' in version `bold'
(Font)                  OML/cmm/b/it --> OML/lmm/b/it on input line 27.
LaTeX Font Info:    Overwriting symbol font `symbols' in version `bold'
(Font)                  OMS/cmsy/b/n --> OMS/lmsy/b/n on input line 28.
LaTeX Font Info:    Overwriting symbol font `largesymbols' in version `bold'
(Font)                  OMX/cmex/m/n --> OMX/lmex/m/n on input line 29.
LaTeX Font Info:    Overwriting math alphabet `\mathbf' in version `normal'
(Font)                  OT1/cmr/bx/n --> OT1/lmr/bx/n on input line 31.
LaTeX Font Info:    Overwriting math alphabet `\mathsf' in version `normal'
(Font)                  OT1/cmss/m/n --> OT1/lmss/m/n on input line 32.
LaTeX Font Info:    Overwriting math alphabet `\mathit' in version `normal'
(Font)                  OT1/cmr/m/it --> OT1/lmr/m/it on input line 33.
LaTeX Font Info:    Overwriting math alphabet `\mathtt' in version `normal'
(Font)                  OT1/cmtt/m/n --> OT1/lmtt/m/n on input line 34.
LaTeX Font Info:    Overwriting math alphabet `\mathbf' in version `bold'
(Font)                  OT1/cmr/bx/n --> OT1/lmr/bx/n on input line 35.
LaTeX Font Info:    Overwriting math alphabet `\mathsf' in version `bold'
(Font)                  OT1/cmss/bx/n --> OT1/lmss/bx/n on input line 36.
LaTeX Font Info:    Overwriting math alphabet `\mathit' in version `bold'
(Font)                  OT1/cmr/bx/it --> OT1/lmr/bx/it on input line 37.
LaTeX Font Info:    Overwriting math alphabet `\mathtt' in version `bold'
(Font)                  OT1/cmtt/m/n --> OT1/lmtt/m/n on input line 38.
)
(C:\Users\lucas\AppData\Local\Programs\MiKTeX\tex/latex/base\inputenc.sty
Package: inputenc 2024/02/08 v1.3d Input encoding file
\inpenc@prehook=\toks27
\inpenc@posthook=\toks28
)
(C:\Users\lucas\AppData\Local\Programs\MiKTeX\tex/latex/psfrag\psfrag.sty
Package: psfrag 1998/04/11 v3.04 PSfrag (MCG)
\pfg@pcount=\count319
\pfg@scount=\count320
\pfg@temp=\write3
)
(C:\Users\lucas\AppData\Local\Programs\MiKTeX\tex/latex/tools\indentfirst.sty
Package: indentfirst 2023/07/02 v1.03 Indent first paragraph (DPC)
)
(C:\Users\lucas\AppData\Local\Programs\MiKTeX\tex/latex/caption\caption.sty
Package: caption 2023/08/05 v3.6o Customizing captions (AR)

(C:\Users\lucas\AppData\Local\Programs\MiKTeX\tex/latex/caption\caption3.sty
Package: caption3 2023/07/31 v2.4d caption3 kernel (AR)
\caption@tempdima=\dimen181
\captionmargin=\dimen182
\caption@leftmargin=\dimen183
\caption@rightmargin=\dimen184
\caption@width=\dimen185
\caption@indent=\dimen186
\caption@parindent=\dimen187
\caption@hangindent=\dimen188
Package caption Info: Standard document class detected.
)
\c@caption@flags=\count321
\c@continuedfloat=\count322
Package caption Info: hyperref package is loaded.
)
(C:\Users\lucas\AppData\Local\Programs\MiKTeX\tex/latex/graphics\color.sty
Package: color 2025/01/14 v1.3e Standard LaTeX Color (DPC)

(C:\Users\lucas\AppData\Local\Programs\MiKTeX\tex/latex/graphics-cfg\color.cfg
File: color.cfg 2016/01/02 v1.6 sample color configuration
)
Package color Info: Driver file: pdftex.def on input line 149.
(C:\Users\lucas\AppData\Local\Programs\MiKTeX\tex/latex/graphics\mathcolor.ltx)
) (C:\Users\lucas\AppData\Local\Programs\MiKTeX\tex/latex/float\float.sty
Package: float 2001/11/08 v1.3d Float enhancements (AL)
\c@float@type=\count323
\float@exts=\toks29
\float@box=\box59
\@float@everytoks=\toks30
\@floatcapt=\box60
)
(C:\Users\lucas\AppData\Local\Programs\MiKTeX\tex/latex/subfigure\subfigure.sty
Package: subfigure 2002/07/30 v2.1.4 subfigure package
\subfigtopskip=\skip62
\subfigcapskip=\skip63
\subfigcaptopadj=\dimen189
\subfigbottomskip=\skip64
\subfigcapmargin=\dimen190
\subfiglabelskip=\skip65
\c@subfigure=\count324
\c@lofdepth=\count325
\c@subtable=\count326
\c@lotdepth=\count327
****************************************
* Local config file subfigure.cfg used *
****************************************

(C:\Users\lucas\AppData\Local\Programs\MiKTeX\tex/latex/subfigure\subfigure.cfg
)
\subfig@top=\skip66
\subfig@bottom=\skip67
) (C:\Users\lucas\AppData\Local\Programs\MiKTeX\tex/latex/tools\longtable.sty
Package: longtable 2025-10-13 v4.24 Multi-page Table package (DPC)
\LTleft=\skip68
\LTright=\skip69
\LTpre=\skip70
\LTpost=\skip71
\LTchunksize=\count328
\LTcapwidth=\dimen191
\LT@head=\box61
\LT@firsthead=\box62
\LT@foot=\box63
\LT@lastfoot=\box64
\LT@gbox=\box65
\LT@cols=\count329
\LT@rows=\count330
\c@LT@tables=\count331
\c@LT@chunks=\count332
\LT@p@ftn=\toks31
) (C:\Users\lucas\AppData\Local\Programs\MiKTeX\tex/latex/lineno\lineno.sty
Package: lineno 2026/03/08 line numbers on paragraphs v5.9
\linenopenalty=\count333
\output=\toks32
\linenoprevgraf=\count334
\linenumbersep=\dimen192
\linenumberwidth=\dimen193
\c@linenumber=\count335
\c@pagewiselinenumber=\count336
\c@LN@truepage=\count337
\c@internallinenumber=\count338
\c@internallinenumbers=\count339
\quotelinenumbersep=\dimen194
\bframerule=\dimen195
\bframesep=\dimen196
\bframebox=\box66
\@LN@amsmath@ams@eqpen=\count340
)
(C:\Users\lucas\AppData\Local\Programs\MiKTeX\tex/latex/pdfpages\pdfpages.sty
Package: pdfpages 2026/03/30 v0.6h Insert pages of external PDF documents (AM)

(C:\Users\lucas\AppData\Local\Programs\MiKTeX\tex/latex/tools\calc.sty
Package: calc 2025/03/01 v4.3b Infix arithmetic (KKT,FJ)
\calc@Acount=\count341
\calc@Bcount=\count342
\calc@Adimen=\dimen197
\calc@Bdimen=\dimen198
\calc@Askip=\skip72
\calc@Bskip=\skip73
LaTeX Info: Redefining \setlength on input line 86.
LaTeX Info: Redefining \addtolength on input line 87.
\calc@Ccount=\count343
\calc@Cskip=\skip74
)
(C:\Users\lucas\AppData\Local\Programs\MiKTeX\tex/latex/eso-pic\eso-pic.sty
Package: eso-pic 2025/12/10 v3.0d eso-pic (RN)
\ESO@tempdima=\dimen199
\ESO@tempdimb=\dimen256
)
\AM@pagewidth=\dimen257
\AM@pageheight=\dimen258
\AM@fboxrule=\dimen259

(C:\Users\lucas\AppData\Local\Programs\MiKTeX\tex/latex/pdfpages\pppdftex.def
File: pppdftex.def 2026/03/30 v0.6h Pdfpages driver for pdfTeX (AM)
)
\pdfpages@includegraphics@status=\count344
\AM@pagebox=\box67
\AM@global@opts=\toks33
\AM@pagecnt=\count345
\AM@toc@title=\toks34
\AM@lof@heading=\toks35
\c@AM@survey=\count346
\AM@templatesizebox=\box68
) (C:\Users\lucas\AppData\Local\Programs\MiKTeX\tex/latex/listings\listings.sty
\lst@mode=\count347
\lst@gtempboxa=\box69
\lst@token=\toks36
\lst@length=\count348
\lst@currlwidth=\dimen260
\lst@column=\count349
\lst@pos=\count350
\lst@lostspace=\dimen261
\lst@width=\dimen262
\lst@newlines=\count351
\lst@lineno=\count352
\lst@maxwidth=\dimen263

(C:\Users\lucas\AppData\Local\Programs\MiKTeX\tex/latex/listings\lstpatch.sty
File: lstpatch.sty 2025/11/14 1.11b (Carsten Heinz)
)
(C:\Users\lucas\AppData\Local\Programs\MiKTeX\tex/latex/listings\lstmisc.sty
File: lstmisc.sty 2025/11/14 1.11b (Carsten Heinz)
\c@lstnumber=\count353
\lst@skipnumbers=\count354
\lst@framebox=\box70
)
(C:\Users\lucas\AppData\Local\Programs\MiKTeX\tex/latex/listings\listings.cfg
File: listings.cfg 2025/11/14 1.11b listings configuration
))
Package: listings 2025/11/14 1.11b (Carsten Heinz)
==> First Aid for listings.sty no longer applied!
    Expected:
        2024/09/23 1.10c (Carsten Heinz)
    but found:
        2025/11/14 1.11b (Carsten Heinz)
    so I'm assuming it got fixed.
(C:\Users\lucas\AppData\Local\Programs\MiKTeX\tex/latex/svg\svg.sty
Package: svg 2020/11/26 v2.02k (include SVG pictures)

(C:\Users\lucas\AppData\Local\Programs\MiKTeX\tex/latex/koma-script\scrbase.sty
Package: scrbase 2026/02/02 v3.49.2 KOMA-Script package (KOMA-Script-independen
t basics and keyval usage)

(C:\Users\lucas\AppData\Local\Programs\MiKTeX\tex/latex/koma-script\scrlfile.st
y
Package: scrlfile 2026/02/02 v3.49.2 KOMA-Script package (file load hooks)

(C:\Users\lucas\AppData\Local\Programs\MiKTeX\tex/latex/koma-script\scrlfile-ho
ok.sty
Package: scrlfile-hook 2026/02/02 v3.49.2 KOMA-Script package (using LaTeX hook
s)

(C:\Users\lucas\AppData\Local\Programs\MiKTeX\tex/latex/koma-script\scrlogo.sty
Package: scrlogo 2026/02/02 v3.49.2 KOMA-Script package (logo)
)))
Applying: [2021/05/01] Usage of raw or classic option list on input line 254.
Already applied: [0000/00/00] Usage of raw or classic option list on input line
 370.
) (C:\Users\lucas\AppData\Local\Programs\MiKTeX\tex/latex/tools\shellesc.sty
Package: shellesc 2023/07/08 v1.0d unified shell escape interface for LaTeX
Package shellesc Info: Restricted shell escape enabled on input line 77.
)
\c@svg@param@lastpage=\count355
\svg@box=\box71
\c@svg@param@currpage=\count356
) (C:\Users\lucas\AppData\Local\Programs\MiKTeX\tex/latex/xcolor\xcolor.sty
Package: xcolor 2024/09/29 v3.02 LaTeX color extensions (UK)

(C:\Users\lucas\AppData\Local\Programs\MiKTeX\tex/latex/graphics-cfg\color.cfg
File: color.cfg 2016/01/02 v1.6 sample color configuration
)
Package xcolor Info: Driver file: pdftex.def on input line 274.
LaTeX Info: Redefining \color on input line 762.
(C:\Users\lucas\AppData\Local\Programs\MiKTeX\tex/latex/graphics\mathcolor.ltx)
Package xcolor Info: Model `cmy' substituted by `cmy0' on input line 1349.
Package xcolor Info: Model `hsb' substituted by `rgb' on input line 1353.
Package xcolor Info: Model `RGB' extended on input line 1365.
Package xcolor Info: Model `HTML' substituted by `rgb' on input line 1367.
Package xcolor Info: Model `Hsb' substituted by `hsb' on input line 1368.
Package xcolor Info: Model `tHsb' substituted by `hsb' on input line 1369.
Package xcolor Info: Model `HSB' substituted by `hsb' on input line 1370.
Package xcolor Info: Model `Gray' substituted by `gray' on input line 1371.
Package xcolor Info: Model `wave' substituted by `hsb' on input line 1372.
)
(C:\Users\lucas\AppData\Local\Programs\MiKTeX\tex/latex/transparent\transparent
.sty
Package: transparent 2025-06-23 v1.6 Transparency with color stacks

(C:\Users\lucas\AppData\Local\Programs\MiKTeX\tex/latex/transparent\transparent
-nometadata.sty
Package: transparent-nometadata 2025-06-23 v1.6 Transparency via pdfTeX's color
 stack (HO)

(C:\Users\lucas\AppData\Local\Programs\MiKTeX\tex/latex/auxhook\auxhook.sty
Package: auxhook 2019-12-17 v1.6 Hooks for auxiliary files (HO)
)))
(C:\Users\lucas\AppData\Local\Programs\MiKTeX\tex/latex/pgf/systemlayer\pgfsys.
sty
(C:\Users\lucas\AppData\Local\Programs\MiKTeX\tex/latex/pgf/utilities\pgfrcs.st
y
(C:\Users\lucas\AppData\Local\Programs\MiKTeX\tex/generic/pgf/utilities\pgfutil
-common.tex
\pgfutil@everybye=\toks37
\pgfutil@tempdima=\dimen264
\pgfutil@tempdimb=\dimen265
)
(C:\Users\lucas\AppData\Local\Programs\MiKTeX\tex/generic/pgf/utilities\pgfutil
-latex.def
\pgfutil@abb=\box72
)
(C:\Users\lucas\AppData\Local\Programs\MiKTeX\tex/generic/pgf/utilities\pgfrcs.
code.tex
(C:\Users\lucas\AppData\Local\Programs\MiKTeX\tex/generic/pgf\pgf.revision.tex)
Package: pgfrcs 2025-08-29 v3.1.11a (3.1.11a)
))
(C:\Users\lucas\AppData\Local\Programs\MiKTeX\tex/generic/pgf/systemlayer\pgfsy
s.code.tex
Package: pgfsys 2025-08-29 v3.1.11a (3.1.11a)

(C:\Users\lucas\AppData\Local\Programs\MiKTeX\tex/generic/pgf/utilities\pgfkeys
.code.tex
\pgfkeys@pathtoks=\toks38
\pgfkeys@temptoks=\toks39

(C:\Users\lucas\AppData\Local\Programs\MiKTeX\tex/generic/pgf/utilities\pgfkeys
libraryfiltered.code.tex
\pgfkeys@tmptoks=\toks40
))
\pgf@x=\dimen266
\pgf@y=\dimen267
\pgf@xa=\dimen268
\pgf@ya=\dimen269
\pgf@xb=\dimen270
\pgf@yb=\dimen271
\pgf@xc=\dimen272
\pgf@yc=\dimen273
\pgf@xd=\dimen274
\pgf@yd=\dimen275
\w@pgf@writea=\write4
\r@pgf@reada=\read3
\c@pgf@counta=\count357
\c@pgf@countb=\count358
\c@pgf@countc=\count359
\c@pgf@countd=\count360
\t@pgf@toka=\toks41
\t@pgf@tokb=\toks42
\t@pgf@tokc=\toks43
\pgf@sys@id@count=\count361

(C:\Users\lucas\AppData\Local\Programs\MiKTeX\tex/generic/pgf/systemlayer\pgf.c
fg
File: pgf.cfg 2025-08-29 v3.1.11a (3.1.11a)
)
Driver file for pgf: pgfsys-pdftex.def

(C:\Users\lucas\AppData\Local\Programs\MiKTeX\tex/generic/pgf/systemlayer\pgfsy
s-pdftex.def
File: pgfsys-pdftex.def 2025-08-29 v3.1.11a (3.1.11a)

(C:\Users\lucas\AppData\Local\Programs\MiKTeX\tex/generic/pgf/systemlayer\pgfsy
s-common-pdf.def
File: pgfsys-common-pdf.def 2025-08-29 v3.1.11a (3.1.11a)
)))
(C:\Users\lucas\AppData\Local\Programs\MiKTeX\tex/generic/pgf/systemlayer\pgfsy
ssoftpath.code.tex
File: pgfsyssoftpath.code.tex 2025-08-29 v3.1.11a (3.1.11a)
\pgfsyssoftpath@smallbuffer@items=\count362
\pgfsyssoftpath@bigbuffer@items=\count363
)
(C:\Users\lucas\AppData\Local\Programs\MiKTeX\tex/generic/pgf/systemlayer\pgfsy
sprotocol.code.tex
File: pgfsysprotocol.code.tex 2025-08-29 v3.1.11a (3.1.11a)
)) (arduino_code.tex
(C:\Users\lucas\AppData\Local\Programs\MiKTeX\tex/latex/tcolorbox\tcolorbox.sty
Package: tcolorbox 2025/11/28 version 6.9.0 text color boxes

(C:\Users\lucas\AppData\Local\Programs\MiKTeX\tex/latex/pgf/frontendlayer\tikz.
sty
(C:\Users\lucas\AppData\Local\Programs\MiKTeX\tex/latex/pgf/basiclayer\pgf.sty
Package: pgf 2025-08-29 v3.1.11a (3.1.11a)

(C:\Users\lucas\AppData\Local\Programs\MiKTeX\tex/latex/pgf/basiclayer\pgfcore.
sty
(C:\Users\lucas\AppData\Local\Programs\MiKTeX\tex/generic/pgf/basiclayer\pgfcor
e.code.tex
Package: pgfcore 2025-08-29 v3.1.11a (3.1.11a)

(C:\Users\lucas\AppData\Local\Programs\MiKTeX\tex/generic/pgf/math\pgfmath.code
.tex
(C:\Users\lucas\AppData\Local\Programs\MiKTeX\tex/generic/pgf/math\pgfmathutil.
code.tex)
(C:\Users\lucas\AppData\Local\Programs\MiKTeX\tex/generic/pgf/math\pgfmathparse
r.code.tex
\pgfmath@dimen=\dimen276
\pgfmath@count=\count364
\pgfmath@box=\box73
\pgfmath@toks=\toks44
\pgfmath@stack@operand=\toks45
\pgfmath@stack@operation=\toks46
)
(C:\Users\lucas\AppData\Local\Programs\MiKTeX\tex/generic/pgf/math\pgfmathfunct
ions.code.tex)
(C:\Users\lucas\AppData\Local\Programs\MiKTeX\tex/generic/pgf/math\pgfmathfunct
ions.basic.code.tex)
(C:\Users\lucas\AppData\Local\Programs\MiKTeX\tex/generic/pgf/math\pgfmathfunct
ions.trigonometric.code.tex)
(C:\Users\lucas\AppData\Local\Programs\MiKTeX\tex/generic/pgf/math\pgfmathfunct
ions.random.code.tex)
(C:\Users\lucas\AppData\Local\Programs\MiKTeX\tex/generic/pgf/math\pgfmathfunct
ions.comparison.code.tex)
(C:\Users\lucas\AppData\Local\Programs\MiKTeX\tex/generic/pgf/math\pgfmathfunct
ions.base.code.tex)
(C:\Users\lucas\AppData\Local\Programs\MiKTeX\tex/generic/pgf/math\pgfmathfunct
ions.round.code.tex)
(C:\Users\lucas\AppData\Local\Programs\MiKTeX\tex/generic/pgf/math\pgfmathfunct
ions.misc.code.tex)
(C:\Users\lucas\AppData\Local\Programs\MiKTeX\tex/generic/pgf/math\pgfmathfunct
ions.integerarithmetics.code.tex)
(C:\Users\lucas\AppData\Local\Programs\MiKTeX\tex/generic/pgf/math\pgfmathcalc.
code.tex)
(C:\Users\lucas\AppData\Local\Programs\MiKTeX\tex/generic/pgf/math\pgfmathfloat
.code.tex
\c@pgfmathroundto@lastzeros=\count365
))
(C:\Users\lucas\AppData\Local\Programs\MiKTeX\tex/generic/pgf/math\pgfint.code.
tex)
(C:\Users\lucas\AppData\Local\Programs\MiKTeX\tex/generic/pgf/basiclayer\pgfcor
epoints.code.tex
File: pgfcorepoints.code.tex 2025-08-29 v3.1.11a (3.1.11a)
\pgf@picminx=\dimen277
\pgf@picmaxx=\dimen278
\pgf@picminy=\dimen279
\pgf@picmaxy=\dimen280
\pgf@pathminx=\dimen281
\pgf@pathmaxx=\dimen282
\pgf@pathminy=\dimen283
\pgf@pathmaxy=\dimen284
\pgf@xx=\dimen285
\pgf@xy=\dimen286
\pgf@yx=\dimen287
\pgf@yy=\dimen288
\pgf@zx=\dimen289
\pgf@zy=\dimen290
)
(C:\Users\lucas\AppData\Local\Programs\MiKTeX\tex/generic/pgf/basiclayer\pgfcor
epathconstruct.code.tex
File: pgfcorepathconstruct.code.tex 2025-08-29 v3.1.11a (3.1.11a)
\pgf@path@lastx=\dimen291
\pgf@path@lasty=\dimen292
)
(C:\Users\lucas\AppData\Local\Programs\MiKTeX\tex/generic/pgf/basiclayer\pgfcor
epathusage.code.tex
File: pgfcorepathusage.code.tex 2025-08-29 v3.1.11a (3.1.11a)
\pgf@shorten@end@additional=\dimen293
\pgf@shorten@start@additional=\dimen294
)
(C:\Users\lucas\AppData\Local\Programs\MiKTeX\tex/generic/pgf/basiclayer\pgfcor
escopes.code.tex
File: pgfcorescopes.code.tex 2025-08-29 v3.1.11a (3.1.11a)
\pgfpic=\box74
\pgf@hbox=\box75
\pgf@layerbox@main=\box76
\pgf@picture@serial@count=\count366
)
(C:\Users\lucas\AppData\Local\Programs\MiKTeX\tex/generic/pgf/basiclayer\pgfcor
egraphicstate.code.tex
File: pgfcoregraphicstate.code.tex 2025-08-29 v3.1.11a (3.1.11a)
\pgflinewidth=\dimen295
)
(C:\Users\lucas\AppData\Local\Programs\MiKTeX\tex/generic/pgf/basiclayer\pgfcor
etransformations.code.tex
File: pgfcoretransformations.code.tex 2025-08-29 v3.1.11a (3.1.11a)
\pgf@pt@x=\dimen296
\pgf@pt@y=\dimen297
\pgf@pt@temp=\dimen298
)
(C:\Users\lucas\AppData\Local\Programs\MiKTeX\tex/generic/pgf/basiclayer\pgfcor
equick.code.tex
File: pgfcorequick.code.tex 2025-08-29 v3.1.11a (3.1.11a)
)
(C:\Users\lucas\AppData\Local\Programs\MiKTeX\tex/generic/pgf/basiclayer\pgfcor
eobjects.code.tex
File: pgfcoreobjects.code.tex 2025-08-29 v3.1.11a (3.1.11a)
)
(C:\Users\lucas\AppData\Local\Programs\MiKTeX\tex/generic/pgf/basiclayer\pgfcor
epathprocessing.code.tex
File: pgfcorepathprocessing.code.tex 2025-08-29 v3.1.11a (3.1.11a)
)
(C:\Users\lucas\AppData\Local\Programs\MiKTeX\tex/generic/pgf/basiclayer\pgfcor
earrows.code.tex
File: pgfcorearrows.code.tex 2025-08-29 v3.1.11a (3.1.11a)
\pgfarrowsep=\dimen299
)
(C:\Users\lucas\AppData\Local\Programs\MiKTeX\tex/generic/pgf/basiclayer\pgfcor
eshade.code.tex
File: pgfcoreshade.code.tex 2025-08-29 v3.1.11a (3.1.11a)
\pgf@max=\dimen300
\pgf@sys@shading@range@num=\count367
\pgf@shadingcount=\count368
)
(C:\Users\lucas\AppData\Local\Programs\MiKTeX\tex/generic/pgf/basiclayer\pgfcor
eimage.code.tex
File: pgfcoreimage.code.tex 2025-08-29 v3.1.11a (3.1.11a)
)
(C:\Users\lucas\AppData\Local\Programs\MiKTeX\tex/generic/pgf/basiclayer\pgfcor
eexternal.code.tex
File: pgfcoreexternal.code.tex 2025-08-29 v3.1.11a (3.1.11a)
\pgfexternal@startupbox=\box77
)
(C:\Users\lucas\AppData\Local\Programs\MiKTeX\tex/generic/pgf/basiclayer\pgfcor
elayers.code.tex
File: pgfcorelayers.code.tex 2025-08-29 v3.1.11a (3.1.11a)
)
(C:\Users\lucas\AppData\Local\Programs\MiKTeX\tex/generic/pgf/basiclayer\pgfcor
etransparency.code.tex
File: pgfcoretransparency.code.tex 2025-08-29 v3.1.11a (3.1.11a)
)
(C:\Users\lucas\AppData\Local\Programs\MiKTeX\tex/generic/pgf/basiclayer\pgfcor
epatterns.code.tex
File: pgfcorepatterns.code.tex 2025-08-29 v3.1.11a (3.1.11a)
)
(C:\Users\lucas\AppData\Local\Programs\MiKTeX\tex/generic/pgf/basiclayer\pgfcor
erdf.code.tex
File: pgfcorerdf.code.tex 2025-08-29 v3.1.11a (3.1.11a)
)))
(C:\Users\lucas\AppData\Local\Programs\MiKTeX\tex/generic/pgf/modules\pgfmodule
shapes.code.tex
File: pgfmoduleshapes.code.tex 2025-08-29 v3.1.11a (3.1.11a)
\pgfnodeparttextbox=\box78
)
(C:\Users\lucas\AppData\Local\Programs\MiKTeX\tex/generic/pgf/modules\pgfmodule
plot.code.tex
File: pgfmoduleplot.code.tex 2025-08-29 v3.1.11a (3.1.11a)
)
(C:\Users\lucas\AppData\Local\Programs\MiKTeX\tex/latex/pgf/compatibility\pgfco
mp-version-0-65.sty
Package: pgfcomp-version-0-65 2025-08-29 v3.1.11a (3.1.11a)
\pgf@nodesepstart=\dimen301
\pgf@nodesepend=\dimen302
)
(C:\Users\lucas\AppData\Local\Programs\MiKTeX\tex/latex/pgf/compatibility\pgfco
mp-version-1-18.sty
Package: pgfcomp-version-1-18 2025-08-29 v3.1.11a (3.1.11a)
))
(C:\Users\lucas\AppData\Local\Programs\MiKTeX\tex/latex/pgf/utilities\pgffor.st
y
(C:\Users\lucas\AppData\Local\Programs\MiKTeX\tex/latex/pgf/utilities\pgfkeys.s
ty
(C:\Users\lucas\AppData\Local\Programs\MiKTeX\tex/generic/pgf/utilities\pgfkeys
.code.tex))
(C:\Users\lucas\AppData\Local\Programs\MiKTeX\tex/latex/pgf/math\pgfmath.sty
(C:\Users\lucas\AppData\Local\Programs\MiKTeX\tex/generic/pgf/math\pgfmath.code
.tex))
(C:\Users\lucas\AppData\Local\Programs\MiKTeX\tex/generic/pgf/utilities\pgffor.
code.tex
Package: pgffor 2025-08-29 v3.1.11a (3.1.11a)
\pgffor@iter=\dimen303
\pgffor@skip=\dimen304
\pgffor@stack=\toks47
\pgffor@toks=\toks48
))
(C:\Users\lucas\AppData\Local\Programs\MiKTeX\tex/generic/pgf/frontendlayer/tik
z\tikz.code.tex
Package: tikz 2025-08-29 v3.1.11a (3.1.11a)

(C:\Users\lucas\AppData\Local\Programs\MiKTeX\tex/generic/pgf/libraries\pgflibr
aryplothandlers.code.tex
File: pgflibraryplothandlers.code.tex 2025-08-29 v3.1.11a (3.1.11a)
\pgf@plot@mark@count=\count369
\pgfplotmarksize=\dimen305
)
\tikz@lastx=\dimen306
\tikz@lasty=\dimen307
\tikz@lastxsaved=\dimen308
\tikz@lastysaved=\dimen309
\tikz@lastmovetox=\dimen310
\tikz@lastmovetoy=\dimen311
\tikzleveldistance=\dimen312
\tikzsiblingdistance=\dimen313
\tikz@figbox=\box79
\tikz@figbox@bg=\box80
\tikz@tempbox=\box81
\tikz@tempbox@bg=\box82
\tikztreelevel=\count370
\tikznumberofchildren=\count371
\tikznumberofcurrentchild=\count372
\tikz@fig@count=\count373

(C:\Users\lucas\AppData\Local\Programs\MiKTeX\tex/generic/pgf/modules\pgfmodule
matrix.code.tex
File: pgfmodulematrix.code.tex 2025-08-29 v3.1.11a (3.1.11a)
\pgfmatrixcurrentrow=\count374
\pgfmatrixcurrentcolumn=\count375
\pgf@matrix@numberofcolumns=\count376
)
\tikz@expandcount=\count377

(C:\Users\lucas\AppData\Local\Programs\MiKTeX\tex/generic/pgf/frontendlayer/tik
z/libraries\tikzlibrarytopaths.code.tex
File: tikzlibrarytopaths.code.tex 2025-08-29 v3.1.11a (3.1.11a)
)))
(C:\Users\lucas\AppData\Local\Programs\MiKTeX\tex/latex/tools\verbatim.sty
Package: verbatim 2024-01-22 v1.5x LaTeX2e package for verbatim enhancements
\every@verbatim=\toks49
\verbatim@line=\toks50
\verbatim@in@stream=\read4
)
\tcb@titlebox=\box83
\tcb@upperbox=\box84
\tcb@lowerbox=\box85
\tcb@phantombox=\box86
\c@tcbbreakpart=\count378
\c@tcblayer=\count379
\c@tcolorbox@number=\count380
\l__tcobox_tmpa_box=\box87
\l__tcobox_tmpa_dim=\dimen314
\tcb@temp=\box88
\tcb@temp=\box89
\tcb@temp=\box90
\tcb@temp=\box91
)
(C:\Users\lucas\AppData\Local\Programs\MiKTeX\tex/latex/tcolorbox\tcblistings.c
ode.tex
Library (tcolorbox): 'tcblistings.code.tex' version '6.9.0'

(C:\Users\lucas\AppData\Local\Programs\MiKTeX\tex/latex/tcolorbox\tcblistingsco
re.code.tex
Library (tcolorbox): 'tcblistingscore.code.tex' version '6.9.0'

(C:\Users\lucas\AppData\Local\Programs\MiKTeX\tex/latex/tcolorbox\tcbprocessing
.code.tex
Library (tcolorbox): 'tcbprocessing.code.tex' version '6.9.0'
)
\c@tcblisting=\count381
))
(C:\Users\lucas\AppData\Local\Programs\MiKTeX\tex/latex/tcolorbox\tcbskins.code
.tex
Library (tcolorbox): 'tcbskins.code.tex' version '6.9.0'

(C:\Users\lucas\AppData\Local\Programs\MiKTeX\tex/latex/tikzfill\tikzfill.image
.sty
Package: tikzfill.image 2026/03/26 v1.1.0 Image filling library for TikZ

(C:\Users\lucas\AppData\Local\Programs\MiKTeX\tex/latex/tikzfill\tikzlibraryfil
l.image.code.tex
File: tikzlibraryfill.image.code.tex 2026/03/26 v1.1.0 Image filling library
\l__tikzfill_tmpa_dim=\dimen315
\l__tikzfill_tmpb_dim=\dimen316
\l__tikzfill_img_box=\box92
))
(C:\Users\lucas\AppData\Local\Programs\MiKTeX\tex/latex/tcolorbox\tcbskinsjigsa
w.code.tex
Library (tcolorbox): 'tcbskinsjigsaw.code.tex' version '6.9.0'
))
(C:\Users\lucas\AppData\Local\Programs\MiKTeX\tex/latex/listings\lstlang1.sty
File: lstlang1.sty 2025/11/14 1.11b listings language file
)
(C:\Users\lucas\AppData\Local\Programs\MiKTeX\tex/latex/listings\lstlang1.sty
File: lstlang1.sty 2025/11/14 1.11b listings language file
)
(C:\Users\lucas\AppData\Local\Programs\MiKTeX\tex/latex/listings\lstmisc.sty
File: lstmisc.sty 2025/11/14 1.11b (Carsten Heinz)
))
(latex_code.tex
(C:\Users\lucas\AppData\Local\Programs\MiKTeX\tex/latex/xkeyval\xkeyval.sty
Package: xkeyval 2022/06/16 v2.9 package option processing (HA)

(C:\Users\lucas\AppData\Local\Programs\MiKTeX\tex/generic/xkeyval\xkeyval.tex
(C:\Users\lucas\AppData\Local\Programs\MiKTeX\tex/generic/xkeyval\xkvutils.tex
\XKV@toks=\toks51
\XKV@tempa@toks=\toks52
)
\XKV@depth=\count382
File: xkeyval.tex 2014/12/03 v2.7a key=value parser (HA)
)) (C:\Users\lucas\AppData\Local\Programs\MiKTeX\tex/latex/minted\minted.sty
Package: minted 2026/03/03 v3.8.0 Yet another Pygments shim for LaTeX

(C:\Users\lucas\AppData\Local\Programs\MiKTeX\tex/generic/catchfile\catchfile.s
ty
Package: catchfile 2019/12/09 v1.8 Catch the contents of a file (HO)

(C:\Users\lucas\AppData\Local\Programs\MiKTeX\tex/generic/etexcmds\etexcmds.sty
Package: etexcmds 2019/12/15 v1.7 Avoid name clashes with e-TeX commands (HO)
)) (C:\Users\lucas\AppData\Local\Programs\MiKTeX\tex/latex/fvextra\fvextra.sty
Package: fvextra 2026/02/25 v1.14.0 fvextra - extensions and patches for fancyv
rb

(C:\Users\lucas\AppData\Local\Programs\MiKTeX\tex/latex/fancyvrb\fancyvrb.sty
Package: fancyvrb 2025/07/28 4.6 verbatim text (tvz,hv)
\FV@CodeLineNo=\count383
\FV@InFile=\read5
\FV@TabBox=\box93
\c@FancyVerbLine=\count384
\FV@StepNumber=\count385
\FV@OutFile=\write5
)
(C:\Users\lucas\AppData\Local\Programs\MiKTeX\tex/latex/upquote\upquote.sty
Package: upquote 2012/04/19 v1.3 upright-quote and grave-accent glyphs in verba
tim

(C:\Users\lucas\AppData\Local\Programs\MiKTeX\tex/latex/base\textcomp.sty
Package: textcomp 2024/04/24 v2.1b Standard LaTeX package
))
\c@FancyVerbWriteLine=\count386
\c@FancyVerbBufferLine=\count387
\c@FV@TrueTabGroupLevel=\count388
\c@FV@TrueTabCounter=\count389
\FV@TabBox@Group=\box94
\FV@bgcolorstructbox=\box95
\FV@TmpLength=\skip75
\c@FV@HighlightLinesStart=\count390
\c@FV@HighlightLinesStop=\count391
\FV@LoopCount=\count392
\FV@NCharsBox=\box96
\FV@BreakIndent=\dimen317
\FV@BreakIndentNChars=\count393
\FV@BreakSymbolSepLeft=\dimen318
\FV@BreakSymbolSepLeftNChars=\count394
\FV@BreakSymbolSepRight=\dimen319
\FV@BreakSymbolSepRightNChars=\count395
\FV@BreakSymbolIndentLeft=\dimen320
\FV@BreakSymbolIndentLeftNChars=\count396
\FV@BreakSymbolIndentRight=\dimen321
\FV@BreakSymbolIndentRightNChars=\count397
\c@FancyVerbLineBreakLast=\count398
\FV@LineBox=\box97
\FV@LineIndentBox=\box98
\c@FV@BreakBufferDepth=\count399
\FV@LineWidth=\dimen322
)
(C:\Users\lucas\AppData\Local\Programs\MiKTeX\tex/latex/latex2pydata\latex2pyda
ta.sty
Package: latex2pydata 2026/02/25 v0.7.0 latex2pydata - write data to file in Py
thon literal format
)
(C:\Users\lucas\AppData\Local\Programs\MiKTeX\tex/latex/pgfopts\pgfopts.sty
Package: pgfopts 2014/07/10 v2.1a LaTeX package options with pgfkeys
\pgfopts@list@add@a@toks=\toks53
\pgfopts@list@add@b@toks=\toks54
)
\c@minted@FancyVerbLineTemp=\count400
\@float@every@listing=\toks55
\c@listing=\count401
)
(C:\Users\lucas\AppData\Local\Programs\MiKTeX\tex/latex/xstring\xstring.sty
(C:\Users\lucas\AppData\Local\Programs\MiKTeX\tex/generic/xstring\xstring.tex
\xs_counta=\count402
\xs_countb=\count403
)
Package: xstring 2023/08/22 v1.86 String manipulations (CT)
)
\c@definition=\count404
\c@ejemplo=\count405
\c@remark=\count406
)
\@losfile=\write6
\openout6 = `thesis.syx'.


Writing index of symbols file thesis.syx
\@labfile=\write7
\openout7 = `thesis.abx'.

Writing index of abbreviations file thesis.abx
LaTeX Font Info:    Trying to load font information for T1+lmr on input line 30
.
(C:\Users\lucas\AppData\Local\Programs\MiKTeX\tex/latex/lm\t1lmr.fd
File: t1lmr.fd 2015/05/01 v1.6.1 Font defs for Latin Modern
)
(C:\Users\lucas\AppData\Local\Programs\MiKTeX\tex/latex/l3backend\l3backend-pdf
tex.def
File: l3backend-pdftex.def 2025-10-09 L3 backend support: PDF output (pdfTeX)
\l__color_backend_stack_int=\count407
) (thesis.aux
Package babel Info: 'brazil' activates 'portuges' shorthands.
(babel)             Reported on input line 10.
 (dedic.aux) (thanks.aux) (resumo.aux) (abstract.aux)
(Introducao.aux) (RevisaoBibliografica.aux) (ModelagemMatematica.aux)
(SimulacaoNumerica.aux

LaTeX Warning: Label `eq:circle_traj' multiply defined.

) (Controladores.aux) (Experimentos.aux) (Conclusoes.aux) (Apendices.aux))
\openout1 = `thesis.aux'.

LaTeX Font Info:    Checking defaults for OML/cmm/m/it on input line 30.
LaTeX Font Info:    ... okay on input line 30.
LaTeX Font Info:    Checking defaults for OMS/cmsy/m/n on input line 30.
LaTeX Font Info:    ... okay on input line 30.
LaTeX Font Info:    Checking defaults for OT1/cmr/m/n on input line 30.
LaTeX Font Info:    ... okay on input line 30.
LaTeX Font Info:    Checking defaults for T1/cmr/m/n on input line 30.
LaTeX Font Info:    ... okay on input line 30.
LaTeX Font Info:    Checking defaults for TS1/cmr/m/n on input line 30.
LaTeX Font Info:    ... okay on input line 30.
LaTeX Font Info:    Checking defaults for OMX/cmex/m/n on input line 30.
LaTeX Font Info:    ... okay on input line 30.
LaTeX Font Info:    Checking defaults for U/cmr/m/n on input line 30.
LaTeX Font Info:    ... okay on input line 30.
LaTeX Font Info:    Checking defaults for PD1/pdf/m/n on input line 30.
LaTeX Font Info:    ... okay on input line 30.
LaTeX Font Info:    Checking defaults for PU/pdf/m/n on input line 30.
LaTeX Font Info:    ... okay on input line 30.

(C:\Users\lucas\AppData\Local\Programs\MiKTeX\tex/context/base/mkii\supp-pdf.mk
ii
[Loading MPS to PDF converter (version 2006.09.02).]
\scratchcounter=\count408
\scratchdimen=\dimen323
\scratchbox=\box99
\nofMPsegments=\count409
\nofMParguments=\count410
\everyMPshowfont=\toks56
\MPscratchCnt=\count411
\MPscratchDim=\dimen324
\MPnumerator=\count412
\makeMPintoPDFobject=\count413
\everyMPtoPDFconversion=\toks57
)
(C:\Users\lucas\AppData\Local\Programs\MiKTeX\tex/latex/epstopdf-pkg\epstopdf-b
ase.sty
Package: epstopdf-base 2020-01-24 v2.11 Base part for package epstopdf
Package epstopdf-base Info: Redefining graphics rule for `.eps' on input line 4
85.

(C:\Users\lucas\AppData\Local\Programs\MiKTeX\tex/latex/00miktex\epstopdf-sys.c
fg
File: epstopdf-sys.cfg 2021/03/18 v2.0 Configuration of epstopdf for MiKTeX
))
*geometry* driver: auto-detecting
*geometry* detected driver: pdftex
*geometry* verbose mode - [ preamble ] result:
* driver: pdftex
* paper: a4paper
* layout: <same size as paper>
* layoutoffset:(h,v)=(0.0pt,0.0pt)
* vratio: 1:1
* modes: 
* h-part:(L,W,R)=(85.35826pt, 426.79135pt, 85.35826pt)
* v-part:(T,H,B)=(71.13188pt, 702.78308pt, 71.13188pt)
* \paperwidth=597.50787pt
* \paperheight=845.04684pt
* \textwidth=426.79135pt
* \textheight=702.78308pt
* \oddsidemargin=13.08827pt
* \evensidemargin=13.08827pt
* \topmargin=-33.0119pt
* \headheight=12.0pt
* \headsep=19.8738pt
* \topskip=12.0pt
* \footskip=30.0pt
* \marginparwidth=38.0pt
* \marginparsep=7.0pt
* \columnsep=10.0pt
* \skip\footins=10.8pt plus 4.0pt minus 2.0pt
* \hoffset=0.0pt
* \voffset=0.0pt
* \mag=1000
* \@twocolumnfalse
* \@twosidefalse
* \@mparswitchfalse
* \@reversemarginfalse
* (1in=72.27pt=25.4mm, 1cm=28.453pt)

Package hyperref Info: Link coloring OFF on input line 30.
(thesis.out) (thesis.out)
\@outlinefile=\write8
\openout8 = `thesis.out'.

Package caption Info: Begin \AtBeginDocument code.
Package caption Info: float package is loaded.
Package caption Info: listings package is loaded.
Package caption Info: longtable package is loaded.

(C:\Users\lucas\AppData\Local\Programs\MiKTeX\tex/latex/caption\ltcaption.sty
Package: ltcaption 2021/01/08 v1.4c longtable captions (AR)
)
Package caption Info: subfigure package is loaded.
Package caption Info: End \AtBeginDocument code.

(C:\Users\lucas\AppData\Local\Programs\MiKTeX\tex/latex/pdflscape\pdflscape.sty
Package: pdflscape 2022-10-27 v0.13 Display of landscape pages in PDF

(C:\Users\lucas\AppData\Local\Programs\MiKTeX\tex/latex/pdflscape\pdflscape-nom
etadata.sty
Package: pdflscape-nometadata 2022-10-28 v0.13 Display of landscape pages in PD
F (HO)

(C:\Users\lucas\AppData\Local\Programs\MiKTeX\tex/latex/graphics\lscape.sty
Package: lscape 2020/05/28 v3.02 Landscape Pages (DPC)
)
Package pdflscape Info: Auto-detected driver: pdftex on input line 81.
))
\c@lstlisting=\count414
Package hyperref Info: Option `breaklinks' set `true' on input line 58.
Package hyperref Info: Option `raiselinks' set `true' on input line 58.
Package hyperref Info: Option `pageanchor' set `true' on input line 58.
<cefet-logo.jpg, id=714, 173.448pt x 112.2594pt>
File: cefet-logo.jpg Graphic file (type jpg)
<use cefet-logo.jpg>
Package pdftex.def Info: cefet-logo.jpg  used on input line 58.
(pdftex.def)             Requested size: 113.81102pt x 73.66147pt.
LaTeX Font Info:    Trying to load font information for OT1+lmr on input line 5
8.

(C:\Users\lucas\AppData\Local\Programs\MiKTeX\tex/latex/lm\ot1lmr.fd
File: ot1lmr.fd 2015/05/01 v1.6.1 Font defs for Latin Modern
)
LaTeX Font Info:    Trying to load font information for OML+lmm on input line 5
8.

(C:\Users\lucas\AppData\Local\Programs\MiKTeX\tex/latex/lm\omllmm.fd
File: omllmm.fd 2015/05/01 v1.6.1 Font defs for Latin Modern
)
LaTeX Font Info:    Trying to load font information for OMS+lmsy on input line 
58.

(C:\Users\lucas\AppData\Local\Programs\MiKTeX\tex/latex/lm\omslmsy.fd
File: omslmsy.fd 2015/05/01 v1.6.1 Font defs for Latin Modern
)
LaTeX Font Info:    Trying to load font information for OMX+lmex on input line 
58.

(C:\Users\lucas\AppData\Local\Programs\MiKTeX\tex/latex/lm\omxlmex.fd
File: omxlmex.fd 2015/05/01 v1.6.1 Font defs for Latin Modern
)
LaTeX Font Info:    External font `lmex10' loaded for size
(Font)              <12> on input line 58.
LaTeX Font Info:    External font `lmex10' loaded for size
(Font)              <8> on input line 58.
LaTeX Font Info:    External font `lmex10' loaded for size
(Font)              <6> on input line 58.
LaTeX Font Info:    Trying to load font information for U+msa on input line 58.


(C:\Users\lucas\AppData\Local\Programs\MiKTeX\tex/latex/amsfonts\umsa.fd
File: umsa.fd 2013/01/14 v3.01 AMS symbols A
)
LaTeX Font Info:    Trying to load font information for U+msb on input line 58.


(C:\Users\lucas\AppData\Local\Programs\MiKTeX\tex/latex/amsfonts\umsb.fd
File: umsb.fd 2013/01/14 v3.01 AMS symbols B
)
[1
Non-PDF special ignored!
<special> header=psfrag.pro


{C:/Users/lucas/AppData/Local/MiKTeX/fonts/map/pdftex/pdftex.map}{C:/Users/luca
s/AppData/Local/Programs/MiKTeX/fonts/enc/dvips/lm/lm-ec.enc} <./cefet-logo.jpg
>]
Underfull \hbox (badness 2856) in paragraph at lines 59--59
\T1/lmr/m/n/12 PROJETO FI-NAL SUB-ME-TIDO []AO CORPO DOCENTE DO CENTRO
 []

[2

]
Underfull \hbox (badness 10000) in paragraph at lines 59--59
\T1/lmr/m/n/12 PARA ESTABILIZA��O DE MANIPULADORES
 []


Underfull \hbox (badness 6559) in paragraph at lines 59--59
\T1/lmr/m/n/12 SUBAQU�TICOS COM M�LTIPLOS GRAUS DE
 []


Underfull \hbox (badness 10000) in paragraph at lines 59--59
[]\T1/lmr/m/n/12 Projeto Final -- CEFET/RJ \T1/lmr/m/it/12 campus \T1/lmr/m/n/1
2 Nova
 []


Underfull \hbox (badness 4441) in paragraph at lines 59--59
\T1/lmr/m/n/12 Igua�u/Departamento de Engenharia de Controle e
 []

[3

{C:/Users/lucas/AppData/Local/Programs/MiKTeX/fonts/enc/dvips/lm/lm-rm.enc}{C:/
Users/lucas/AppData/Local/Programs/MiKTeX/fonts/enc/dvips/lm/lm-mathit.enc}]
\openout2 = `dedic.aux'.


(dedic.tex) [4


]
\openout2 = `thanks.aux'.

 (thanks.tex) [5




]
\openout2 = `resumo.aux'.

 (resumo.tex
LaTeX Font Info:    Trying to load font information for T1+lmtt on input line 2
.

(C:\Users\lucas\AppData\Local\Programs\MiKTeX\tex/latex/lm\t1lmtt.fd
File: t1lmtt.fd 2015/05/01 v1.6.1 Font defs for Latin Modern
) [6




{C:/Users/lucas/AppData/Local/Programs/MiKTeX/fonts/enc/dvips/lm/lm-mathsy.enc}
])
[7]
\openout2 = `abstract.aux'.

 (abstract.tex [8




]) [9] (thesis.lof
Underfull \hbox (badness 6910) in paragraph at lines 8--8
 [][] [][]\T1/lmr/m/n/12 Fluxo de ci-ne-m�-tica sim-b�-lica im-ple-men-tado em 
\T1/lmtt/m/n/12 step_-1_- 
 []


Underfull \hbox (badness 1205) in paragraph at lines 11--11
 \T1/lmr/m/n/12 CSE ativo: as ex-pres-s�es SymPy de $\OML/lmm/m/it/12 M$\T1/lmr
/m/n/12 , $\OML/lmm/m/it/12 C$\T1/lmr/m/n/12 , $\OML/lmm/m/it/12 G$ \T1/lmr/m/n
/12 e $\OML/lmm/m/it/12 J$ \T1/lmr/m/n/12 pas-sam 
 []

[10



]
Underfull \hbox (badness 2837) in paragraph at lines 18--18
 \T1/lmr/m/n/12 ple-men-tado no \T1/lmr/m/it/12 Hepha-es-tus\T1/lmr/m/n/12 : re
-cebe as re-fe-r�n-cias car-te-si-a-nas 
 []

[11{C:/Users/lucas/AppData/Local/Programs/MiKTeX/fonts/enc/dvips/lm/lm-mathex.e
nc}])
\tf@lof=\write9
\openout9 = `thesis.lof'.

 [12] (thesis.lot)
\tf@lot=\write10
\openout10 = `thesis.lot'.

 (thesis.los) (thesis.lab) [13

] (thesis.toc [14

]
[15] [16] [17]
LaTeX Font Info:    Font shape `T1/lmtt/bx/n' in size <12> not available
(Font)              Font shape `T1/lmtt/b/n' tried instead on input line 181.
 [18])
\tf@toc=\write11
\openout11 = `thesis.toc'.

 [19]
\openout2 = `Introducao.aux'.

 (Introducao.tex
Cap\'{\i }tulo 1.
[1



]
<figuras/Diagramas/Diagrama 1 — Arquitetura Geral do Sistema.png, id=1216, 26
03.7275pt x 6790.36874pt>
File: figuras/Diagramas/Diagrama 1 — Arquitetura Geral do Sistema.png Graphic
 file (type png)
<use figuras/Diagramas/Diagrama 1 — Arquitetura Geral do Sistema.png>
Package pdftex.def Info: figuras/Diagramas/Diagrama 1 — Arquitetura Geral do 
Sistema.png  used on input line 29.
(pdftex.def)             Requested size: 213.39568pt x 556.50302pt.
 [2] [3 <./figuras/Diagramas/Diagrama 1 — Arquitetura Geral do Sistema.png>]
LaTeX Font Info:    Trying to load font information for TS1+lmr on input line 4
5.
 (C:\Users\lucas\AppData\Local\Programs\MiKTeX\tex/latex/lm\ts1lmr.fd
File: ts1lmr.fd 2015/05/01 v1.6.1 Font defs for Latin Modern
)
[4{C:/Users/lucas/AppData/Local/Programs/MiKTeX/fonts/enc/dvips/lm/lm-ts1.enc}]
[5] [6]) [7]
\openout2 = `RevisaoBibliografica.aux'.

 (RevisaoBibliografica.tex
Cap\'{\i }tulo 2.
[8




] [9] [10] [11] [12] [13] [14] [15]
Underfull \hbox (badness 10000) in paragraph at lines 219--219
[]\T1/lmr/bx/n/14.4 Controle por Re-jei-��o Ativa de Dis-t�r-bios
 []

[16] [17] [18] [19]
Underfull \hbox (badness 10000) in paragraph at lines 326--326
[]|\T1/lmr/m/n/12 Din�mica La-gran-gi-ana
 []


Underfull \hbox (badness 10000) in paragraph at lines 327--327
[]|\T1/lmr/m/n/12 Modelagem Hi-dro-di-n�-
 []


Underfull \hbox (badness 10000) in paragraph at lines 333--334
[]|\T1/lmtt/m/n/12 Decentralized_-
 []


Underfull \hbox (badness 10000) in paragraph at lines 334--335
[]|\T1/lmtt/m/n/12 RobotSimulator._-_-
 []

) [20] [21]
\openout2 = `ModelagemMatematica.aux'.

 (ModelagemMatematica.tex
Cap\'{\i }tulo 3.
[22




] [23] [24]
<figuras/Diagramas/Diagrama 2a — Cinemática Simbólica.png, id=1558, 2972.10
374pt x 5580.85pt>
File: figuras/Diagramas/Diagrama 2a — Cinemática Simbólica.png Graphic file
 (type png)
<use figuras/Diagramas/Diagrama 2a — Cinemática Simbólica.png>
Package pdftex.def Info: figuras/Diagramas/Diagrama 2a — Cinemática Simbóli
ca.png  used on input line 100.
(pdftex.def)             Requested size: 298.75264pt x 560.92787pt.
LaTeX Font Info:    External font `lmex10' loaded for size
(Font)              <10.95> on input line 101.
 [25] [26 <./figuras/Diagramas/Diagrama 2a — Cinemática Simbólica.png>] [27
]
<figuras/Diagramas/Diagrama 2b — Dinâmica Simbólica M G e Coriolis.png, id=
1594, 7822.22375pt x 3526.17375pt>
File: figuras/Diagramas/Diagrama 2b — Dinâmica Simbólica M G e Coriolis.png
 Graphic file (type png)
<use figuras/Diagramas/Diagrama 2b — Dinâmica Simbólica M G e Coriolis.png>

Package pdftex.def Info: figuras/Diagramas/Diagrama 2b — Dinâmica Simbólica
 M G e Coriolis.png  used on input line 165.
(pdftex.def)             Requested size: 392.64725pt x 176.96468pt.
 [28 <./figuras/Diagramas/Diagrama 2b — Dinâmica Simbólica M G e Coriolis.p
ng>] [29]
LaTeX Font Info:    Font shape `T1/lmtt/bx/n' in size <17.28> not available
(Font)              Font shape `T1/lmtt/b/n' tried instead on input line 219.
 [30] [31]
<figuras/Diagramas/Diagrama 3 — Extensão Hidrodinâmica.png, id=1649, 7220.9
775pt x 4935.43875pt>
File: figuras/Diagramas/Diagrama 3 — Extensão Hidrodinâmica.png Graphic fil
e (type png)
<use figuras/Diagramas/Diagrama 3 — Extensão Hidrodinâmica.png>
Package pdftex.def Info: figuras/Diagramas/Diagrama 3 — Extensão Hidrodinâm
ica.png  used on input line 287.
(pdftex.def)             Requested size: 426.79135pt x 291.67033pt.
 [32] [33 <./figuras/Diagramas/Diagrama 3 — Extensão Hidrodinâmica.png>] [3
4]
Underfull \hbox (badness 1292) in paragraph at lines 353--354
\T1/lmr/m/n/12 fun-��es sim-b�-li-cas (\T1/lmtt/m/n/12 sp.sin\T1/lmr/m/n/12 , \
T1/lmtt/m/n/12 sp.cos\T1/lmr/m/n/12 , etc.) para suas con-tra-par-tes NumPy
 []

[35]
<figuras/Diagramas/Diagrama 4 — Compilação Simbólico-Numérica.png, id=169
1, 8222.72pt x 1299.85625pt>
File: figuras/Diagramas/Diagrama 4 — Compilação Simbólico-Numérica.png Gr
aphic file (type png)
<use figuras/Diagramas/Diagrama 4 — Compilação Simbólico-Numérica.png>
Package pdftex.def Info: figuras/Diagramas/Diagrama 4 — Compilação Simbóli
co-Numérica.png  used on input line 371.
(pdftex.def)             Requested size: 392.64725pt x 62.06116pt.
 [36 <./figuras/Diagramas/Diagrama 4 — Compilação Simbólico-Numérica.png>
]
<figuras/Diagramas/Diagrama 12 — Paralelismo em Dois Níveis.png, id=1707, 26
60.94125pt x 6454.1125pt>
File: figuras/Diagramas/Diagrama 12 — Paralelismo em Dois Níveis.png Graphic
 file (type png)
<use figuras/Diagramas/Diagrama 12 — Paralelismo em Dois Níveis.png>
Package pdftex.def Info: figuras/Diagramas/Diagrama 12 — Paralelismo em Dois 
Níveis.png  used on input line 404.
(pdftex.def)             Requested size: 213.39568pt x 517.52133pt.

Underfull \hbox (badness 1629) in paragraph at lines 428--428
[]|\T1/lmr/m/n/12 Compila��o (lamb-dify +
 []


Underfull \hbox (badness 7415) in paragraph at lines 429--429
[]|\T1/lmr/m/n/12 Avalia��o nu-m�-rica por
 []


Overfull \hbox (1.85674pt too wide) in paragraph at lines 420--432
 [][] 
 []

[37] [38 <./figuras/Diagramas/Diagrama 12 — Paralelismo em Dois Níveis.png>]
) [39] [40]
\openout2 = `SimulacaoNumerica.aux'.

 (SimulacaoNumerica.tex
Cap\'{\i }tulo 4.
[41




]
<figuras/Diagramas/Diagrama 7a — Loop de Simulação Inicialização.png, id=
1750, 2686.035pt x 5585.86874pt>
File: figuras/Diagramas/Diagrama 7a — Loop de Simulação Inicialização.png
 Graphic file (type png)
<use figuras/Diagramas/Diagrama 7a — Loop de Simulação Inicialização.png>

Package pdftex.def Info: figuras/Diagramas/Diagrama 7a — Loop de Simulação 
Inicialização.png  used on input line 26.
(pdftex.def)             Requested size: 277.41176pt x 576.85956pt.
<figuras/Diagramas/Diagrama 7b — Loop de Simulação Passo de Controle.png, i
d=1755, 5061.91125pt x 8222.72pt>
File: figuras/Diagramas/Diagrama 7b — Loop de Simulação Passo de Controle.p
ng Graphic file (type png)
<use figuras/Diagramas/Diagrama 7b — Loop de Simulação Passo de Controle.pn
g>
Package pdftex.def Info: figuras/Diagramas/Diagrama 7b — Loop de Simulação 
Passo de Controle.png  used on input line 33.
(pdftex.def)             Requested size: 375.57846pt x 610.02757pt.
 [42] [43 <./figuras/Diagramas/Diagrama 7a — Loop de Simulação Inicializaç
ão.png>] [44 <./figuras/Diagramas/Diagrama 7b — Loop de Simulação Passo de
 Controle.png>] [45]
<figuras/Diagramas/Diagrama 5 — Planejamento de Trajetória.png, id=1796, 311
8.65125pt x 4905.32625pt>
File: figuras/Diagramas/Diagrama 5 — Planejamento de Trajetória.png Graphic 
file (type png)
<use figuras/Diagramas/Diagrama 5 — Planejamento de Trajetória.png>
Package pdftex.def Info: figuras/Diagramas/Diagrama 5 — Planejamento de Traje
tória.png  used on input line 98.
(pdftex.def)             Requested size: 384.1096pt x 604.10754pt.

Overfull \hbox (36.38667pt too wide) detected at line 126
[][][][]\OT1/lmr/m/n/12 (\OML/lmm/m/it/12 t\OT1/lmr/m/n/12 ) = []\OML/lmm/m/it/
12 ;  ![] \OT1/lmr/m/n/12 = [] \OMS/lmsy/m/n/12 ^^B [] \OML/lmm/m/it/12 :
 []

[46] [47 <./figuras/Diagramas/Diagrama 5 — Planejamento de Trajetória.png>]
<figuras/Diagramas/Diagrama 6b — Modos de Orientação do Efetuador.png, id=1
834, 7947.6925pt x 2712.1325pt>
File: figuras/Diagramas/Diagrama 6b — Modos de Orientação do Efetuador.png 
Graphic file (type png)
<use figuras/Diagramas/Diagrama 6b — Modos de Orientação do Efetuador.png>
Package pdftex.def Info: figuras/Diagramas/Diagrama 6b — Modos de Orientaçã
o do Efetuador.png  used on input line 144.
(pdftex.def)             Requested size: 384.1096pt x 131.06235pt.

Underfull \hbox (badness 10000) in paragraph at lines 150--150
[]\T1/lmr/bx/n/17.28 Inicializa��o da Pos-tura: Levenberg-
 []

[48 <./figuras/Diagramas/Diagrama 6b — Modos de Orientação do Efetuador.png
>]
Underfull \hbox (badness 6808) in paragraph at lines 174--174
[]\T1/lmr/bx/n/17.28 Cinem�tica In-versa em Ma-lha Fe-chada
 []

[49] [50]
<figuras/Diagramas/Diagrama 6a — CLIK Cinemática Inversa Numérica.png, id=1
893, 2659.9375pt x 5558.7675pt>
File: figuras/Diagramas/Diagrama 6a — CLIK Cinemática Inversa Numérica.png 
Graphic file (type png)
<use figuras/Diagramas/Diagrama 6a — CLIK Cinemática Inversa Numérica.png>
Package pdftex.def Info: figuras/Diagramas/Diagrama 6a — CLIK Cinemática Inv
ersa Numérica.png  used on input line 247.
(pdftex.def)             Requested size: 298.75264pt x 624.27412pt.
 [51] [52] [53 <./figuras/Diagramas/Diagrama 6a — CLIK Cinemática Inversa Nu
mérica.png>] [54] [55] [56] [57] [58]
Overfull \hbox (196.96323pt too wide) detected at line 434
[][][][] \OT1/lmr/m/n/12 = [] \OML/lmm/m/it/12 ;
 []

[59]) [60] [61]
\openout2 = `Controladores.aux'.

 (Controladores.tex
Cap\'{\i }tulo 5.
[62




]
Underfull \hbox (badness 1205) in paragraph at lines 23--23
[]\T1/lmr/bx/n/14.4 Fundamenta��o Te-�-rica e Can-ce-la-mento de N�o-
 []

[63]
<figuras/Diagramas/Diagrama 8 — Controlador CTC-PID.png, id=2081, 7205.92125p
t x 1590.94376pt>
File: figuras/Diagramas/Diagrama 8 — Controlador CTC-PID.png Graphic file (ty
pe png)
<use figuras/Diagramas/Diagrama 8 — Controlador CTC-PID.png>
Package pdftex.def Info: figuras/Diagramas/Diagrama 8 — Controlador CTC-PID.p
ng  used on input line 67.
(pdftex.def)             Requested size: 426.79135pt x 94.21443pt.
 [64] [65 <./figuras/Diagramas/Diagrama 8 — Controlador CTC-PID.png>]
[66]
<figuras/Diagramas/Diagrama 9 — Controlador CT-SMC.png, id=2130, 2659.9375pt 
x 4745.73pt>
File: figuras/Diagramas/Diagrama 9 — Controlador CT-SMC.png Graphic file (typ
e png)
<use figuras/Diagramas/Diagrama 9 — Controlador CT-SMC.png>
Package pdftex.def Info: figuras/Diagramas/Diagrama 9 — Controlador CT-SMC.pn
g  used on input line 119.
(pdftex.def)             Requested size: 256.07741pt x 456.85939pt.
 [67 <./figuras/Diagramas/Diagrama 9 — Controlador CT-SMC.png>] [68]
<figuras/Diagramas/Diagrama 10 — Controlador STA (Super-Twisting).png, id=217
3, 1497.595pt x 4115.375pt>
File: figuras/Diagramas/Diagrama 10 — Controlador STA (Super-Twisting).png Gr
aphic file (type png)
<use figuras/Diagramas/Diagrama 10 — Controlador STA (Super-Twisting).png>
Package pdftex.def Info: figuras/Diagramas/Diagrama 10 — Controlador STA (Sup
er-Twisting).png  used on input line 174.
(pdftex.def)             Requested size: 170.71393pt x 469.08228pt.

[69] [70 <./figuras/Diagramas/Diagrama 10 — Controlador STA (Super-Twisting).
png>] [71] [72]
<figuras/Diagramas/Diagrama 11a — LADRC Observador de Estado Estendido.png, i
d=2227, 2392.94pt x 4980.6075pt>
File: figuras/Diagramas/Diagrama 11a — LADRC Observador de Estado Estendido.p
ng Graphic file (type png)
<use figuras/Diagramas/Diagrama 11a — LADRC Observador de Estado Estendido.pn
g>
Package pdftex.def Info: figuras/Diagramas/Diagrama 11a — LADRC Observador de
 Estado Estendido.png  used on input line 247.
(pdftex.def)             Requested size: 277.41176pt x 577.3557pt.
<figuras/Diagramas/Diagrama 11b — LADRC Lei de Controle.png, id=2236, 3150.77
126pt x 5202.43625pt>
File: figuras/Diagramas/Diagrama 11b — LADRC Lei de Controle.png Graphic file
 (type png)
<use figuras/Diagramas/Diagrama 11b — LADRC Lei de Controle.png>
Package pdftex.def Info: figuras/Diagramas/Diagrama 11b — LADRC Lei de Contro
le.png  used on input line 265.
(pdftex.def)             Requested size: 277.41176pt x 458.03809pt.
 [73] [74 <./figuras/Diagramas/Diagrama 11a — LADRC Observador de Estado Este
ndido.png>] [75 <./figuras/Diagramas/Diagrama 11b — LADRC Lei de Controle.png
>]
Underfull \hbox (badness 4954) in paragraph at lines 287--288
[]\T1/lmtt/b/n/12 simulator.py \T1/lmr/m/n/12 ($\OMS/lmsy/m/n/12 !$ \T1/lmr/m/n
/12 com-pi-la-��o): com-pila os ob-je-tos sim-b�-li-cos em
 []


Underfull \hbox (badness 5077) in paragraph at lines 287--288
\T1/lmr/m/n/12 fun-��es NumPy via \T1/lmtt/m/n/12 sp.lambdify(..., cse=True) \T
1/lmr/m/n/12 no cons-tru-tor de
 []


Underfull \hbox (badness 2057) in paragraph at lines 288--289
[]\T1/lmtt/b/n/12 simulator.py \T1/lmr/m/n/12 ($\OMS/lmsy/m/n/12 !$ \T1/lmr/m/n
/12 ava-li-a-��o): ava-lia \T1/lmtt/m/n/12 func_-M(*args)\T1/lmr/m/n/12 , \T1/l
mtt/m/n/12 func_-C(*args)\T1/lmr/m/n/12 ,
 []


Underfull \hbox (badness 2073) in paragraph at lines 305--306
\T1/lmr/bx/n/12 Er-ros de Mo-
 []


Underfull \hbox (badness 10000) in paragraph at lines 307--307
[]|\T1/lmr/m/n/12 invers�o ex-
 []


Underfull \hbox (badness 1715) in paragraph at lines 307--308
[]|\T1/lmr/m/n/12 alta (erro li-near
 []


Underfull \hbox (badness 10000) in paragraph at lines 307--308
\T1/lmr/m/n/12 em $\OT1/lmr/m/n/12 ^^A\OML/lmm/m/it/12 M$\T1/lmr/m/n/12 , $\OT1
/lmr/m/n/12 ^^A\OML/lmm/m/it/12 C$\T1/lmr/m/n/12 ,
 []


Underfull \hbox (badness 4132) in paragraph at lines 308--309
[]|\T1/lmr/m/n/12 reduzida (ro-bus-
 []


Underfull \hbox (badness 10000) in paragraph at lines 310--310
[]|\T1/lmr/m/n/12 estimativa
 []


Underfull \hbox (badness 10000) in paragraph at lines 310--310
[]|\T1/lmr/m/it/12 feedforward
 []


Underfull \hbox (badness 10000) in paragraph at lines 310--310
[]|\T1/lmr/m/it/12 feedforward
 []


Underfull \hbox (badness 4060) in paragraph at lines 310--311
[]|\T1/lmr/m/n/12 baixa (ESO es-
 []


Overfull \hbox (17.32082pt too wide) in paragraph at lines 303--313
 [][] 
 []


LaTeX Warning: `!h' float specifier changed to `!ht'.

[76]
Underfull \hbox (badness 7186) in paragraph at lines 333--333
[]|\T1/lmr/m/n/12 filtro $[]$, $\OML/lmm/m/it/12 S$\T1/lmr/m/n/12 , $\OMS/lmsy/
m/n/12 j\OML/lmm/m/it/12 S\OMS/lmsy/m/n/12 j[]$\T1/lmr/m/n/12 ,
 []


Underfull \hbox (badness 10000) in paragraph at lines 334--334
[]|$\OML/lmm/m/it/12 N$ \T1/lmr/m/n/12 ESOs (3 es-ta-dos
 []

LaTeX Font Info:    Font shape `T1/lmtt/bx/n' in size <14.4> not available
(Font)              Font shape `T1/lmtt/b/n' tried instead on input line 346.
[77]
Underfull \hbox (badness 3168) in paragraph at lines 358--358
[]|\T1/lmr/bx/n/12 Par�metros prin-
 []


Underfull \hbox (badness 10000) in paragraph at lines 360--360
[]|\T1/lmtt/m/n/12 Kp\T1/lmr/m/n/12 , \T1/lmtt/m/n/12 zeta\T1/lmr/m/n/12 , \T1/
lmtt/m/n/12 ki\T1/lmr/m/n/12 ,
 []


Underfull \hbox (badness 10000) in paragraph at lines 360--361
[]|\T1/lmr/m/n/12 Ganhos pro-por-ci-o-nal, amor-te-ci-
 []


Underfull \hbox (badness 10000) in paragraph at lines 361--361
[]|\T1/lmtt/m/n/12 lambda\T1/lmr/m/n/12 , \T1/lmtt/m/n/12 K\T1/lmr/m/n/12 , \T1
/lmtt/m/n/12 phi\T1/lmr/m/n/12 ,
 []


Underfull \hbox (badness 10000) in paragraph at lines 362--362
[]|\T1/lmtt/m/n/12 lambda\T1/lmr/m/n/12 , \T1/lmtt/m/n/12 k1\T1/lmr/m/n/12 , \T
1/lmtt/m/n/12 k2\T1/lmr/m/n/12 ,
 []

[78]
Overfull \hbox (1.00058pt too wide) in paragraph at lines 389--389
[]|\T1/lmr/bx/n/12 Propriedade| 
 []


Underfull \hbox (badness 10000) in paragraph at lines 389--389
[]|\T1/lmr/bx/n/12 CTC-
 []


Underfull \hbox (badness 10000) in paragraph at lines 391--391
[]|\T1/lmr/m/n/12 Estabilidade
 []


Underfull \hbox (badness 10000) in paragraph at lines 391--391
\T1/lmr/m/n/12 (mo-delo
 []


Underfull \hbox (badness 1242) in paragraph at lines 391--391
[]|\T1/lmr/m/n/12 Global as-
 []


Underfull \hbox (badness 1242) in paragraph at lines 391--391
[]|\T1/lmr/m/n/12 Global as-
 []


Underfull \hbox (badness 10000) in paragraph at lines 391--391
[]|\T1/lmr/m/n/12 Tempo fi-
 []


Underfull \hbox (badness 10000) in paragraph at lines 391--392
[]|\T1/lmr/m/n/12 Assint�tica (ESO
 []


Underfull \hbox (badness 10000) in paragraph at lines 392--392
[]|\T1/lmr/m/n/12 Robustez a
 []


Underfull \hbox (badness 10000) in paragraph at lines 392--392
\OT1/lmr/m/n/12 ^^A\OML/lmm/m/it/12 M$\T1/lmr/m/n/12 , $\OT1/lmr/m/n/12 ^^A\OML
/lmm/m/it/12 C$\T1/lmr/m/n/12 ,
 []


Underfull \hbox (badness 10000) in paragraph at lines 392--392
[]|\T1/lmr/m/n/12 Alta (por
 []


Underfull \hbox (badness 10000) in paragraph at lines 392--392
[]|\T1/lmr/m/n/12 Alta (por
 []


Underfull \hbox (badness 10000) in paragraph at lines 393--393
[]|\T1/lmr/m/n/12 Reduzido
 []


Underfull \hbox (badness 10000) in paragraph at lines 393--393
[]|\T1/lmr/m/n/12 Nenhum
 []


Underfull \hbox (badness 10000) in paragraph at lines 394--394
[]|\T1/lmr/m/n/12 Tempo fi-
 []


Underfull \hbox (badness 10000) in paragraph at lines 395--395
[]|$\OML/lmm/m/it/12 M; C; G$
 []


Underfull \hbox (badness 10000) in paragraph at lines 395--395
[]|$\OML/lmm/m/it/12 M; C; G$
 []

[79] [80] [81] [82]) [83]
\openout2 = `Experimentos.aux'.

 (Experimentos.tex
Cap\'{\i }tulo 6.
[84




]
Overfull \hbox (50.61063pt too wide) detected at line 60
[][][][] \OT1/lmr/m/n/12 = [[]\OML/lmm/m/it/12 ;  []\OT1/lmr/m/n/12 ]\OML/lmm/m
/it/12 ;
 []

[85]
Underfull \hbox (badness 10000) in paragraph at lines 69--70
[]|$\OML/lmm/m/it/12 I[]$
 []

<figuras/Experimentos/Animação_3D.png, id=2428, 650.43pt x 505.89pt>
File: figuras/Experimentos/Animação_3D.png Graphic file (type png)
<use figuras/Experimentos/Animação_3D.png>
Package pdftex.def Info: figuras/Experimentos/Animação_3D.png  used on input 
line 93.
(pdftex.def)             Requested size: 341.43437pt x 265.56534pt.
[86]
Underfull \hbox (badness 1152) in paragraph at lines 121--122
[]|$\OML/lmm/m/it/12 ![] \OT1/lmr/m/n/12 = 5[]0$ \T1/lmr/m/n/12 rad/s, $\OML/lm
m/m/it/12 ![] \OT1/lmr/m/n/12 = 50$ \T1/lmr/m/n/12 rad/s, \T1/lmtt/m/n/12 auto_
-b0 = True\T1/lmr/m/n/12 ,
 []


LaTeX Warning: `!h' float specifier changed to `!ht'.

[87 <./figuras/Experimentos/Animação_3D.png>]
Underfull \hbox (badness 10000) in paragraph at lines 139--139
[]|\T1/lmr/m/n/12 Energia
 []


Overfull \hbox (71.99994pt too wide) in paragraph at lines 137--147
 [][] 
 []

[88]
<figuras/Experimentos/UVMS_COMPARATIVO.png, id=2481, 1387.584pt x 733.5405pt>
File: figuras/Experimentos/UVMS_COMPARATIVO.png Graphic file (type png)
<use figuras/Experimentos/UVMS_COMPARATIVO.png>
Package pdftex.def Info: figuras/Experimentos/UVMS_COMPARATIVO.png  used on inp
ut line 157.
(pdftex.def)             Requested size: 426.79135pt x 225.61552pt.
<figuras/Experimentos/CTC-UVMS_GRAF.png, id=2486, 1041.8925pt x 685.8122pt>
File: figuras/Experimentos/CTC-UVMS_GRAF.png Graphic file (type png)
<use figuras/Experimentos/CTC-UVMS_GRAF.png>
Package pdftex.def Info: figuras/Experimentos/CTC-UVMS_GRAF.png  used on input 
line 166.
(pdftex.def)             Requested size: 384.1096pt x 252.83612pt.
<figuras/Experimentos/ADRC-UVMS_GRAF.png, id=2487, 1041.8925pt x 687.31781pt>
File: figuras/Experimentos/ADRC-UVMS_GRAF.png Graphic file (type png)
<use figuras/Experimentos/ADRC-UVMS_GRAF.png>
Package pdftex.def Info: figuras/Experimentos/ADRC-UVMS_GRAF.png  used on input
 line 173.
(pdftex.def)             Requested size: 384.1096pt x 253.39119pt.
<figuras/Experimentos/SMC-UVMS_GRAF.png, id=2488, 1037.37563pt x 681.29532pt>
File: figuras/Experimentos/SMC-UVMS_GRAF.png Graphic file (type png)
<use figuras/Experimentos/SMC-UVMS_GRAF.png>
Package pdftex.def Info: figuras/Experimentos/SMC-UVMS_GRAF.png  used on input 
line 180.
(pdftex.def)             Requested size: 384.1096pt x 252.26244pt.
<figuras/Experimentos/STA-UVMS_GRAF.png, id=2489, 1039.63406pt x 682.04813pt>
File: figuras/Experimentos/STA-UVMS_GRAF.png Graphic file (type png)
<use figuras/Experimentos/STA-UVMS_GRAF.png>
Package pdftex.def Info: figuras/Experimentos/STA-UVMS_GRAF.png  used on input 
line 187.
(pdftex.def)             Requested size: 384.1096pt x 251.98961pt.
 [89 <./figuras/Experimentos/UVMS_COMPARATIVO.png>] [90 <./figuras/Experimentos
/CTC-UVMS_GRAF.png> <./figuras/Experimentos/ADRC-UVMS_GRAF.png>] [91 <./figuras
/Experimentos/SMC-UVMS_GRAF.png> <./figuras/Experimentos/STA-UVMS_GRAF.png>] [9
2] [93] [94]) [95]
\openout2 = `Conclusoes.aux'.

 (Conclusoes.tex
Cap\'{\i }tulo 7.
[96




] [97] [98] [99] [100] [101]
Overfull \hbox (8.33662pt too wide) in paragraph at lines 98--98
[]|\T1/lmr/bx/n/12 Fase| 
 []


Underfull \hbox (badness 10000) in paragraph at lines 100--100
[]|\T1/lmr/m/n/12 E1, Se-rial /
 []


Underfull \hbox (badness 2865) in paragraph at lines 103--104
[]|\T1/lmr/m/n/12 Import de c�-lula (STEP/STL), im-port de ta-refa
 []


Underfull \hbox (badness 10000) in paragraph at lines 104--104
[]|\T1/lmr/m/n/12 E4, Pla-ne-ja-
 []


Underfull \hbox (badness 10000) in paragraph at lines 104--104
\T1/lmr/m/n/12 mento avan-
 []


Underfull \hbox (badness 2556) in paragraph at lines 105--105
[]|\T1/lmr/m/n/12 E5, Bi-bli-o-teca
 []


Underfull \hbox (badness 10000) in paragraph at lines 108--108
[]|\T1/lmr/m/n/12 E7, UVMS
 []


Overfull \hbox (153.41524pt too wide) in paragraph at lines 96--114
 [][] 
 []

[102] [103] [104] [105] [106]) [107] [108] (thesis.bbl [109




] [110] [111]
[112] [113]) [114]
\openout2 = `Apendices.aux'.

 (Apendices.tex
(C:\Users\lucas\AppData\Local\Programs\MiKTeX\tex/latex/listings\lstlang1.sty
File: lstlang1.sty 2025/11/14 1.11b listings language file
)
Ap\^endice A.
LaTeX Font Info:    Font shape `T1/lmtt/bx/n' in size <24.88> not available
(Font)              Font shape `T1/lmtt/b/n' tried instead on input line 52.
Package hyperref Info: bookmark level for unknown lstlisting defaults to 0 on i
nput line 63.
LaTeX Font Info:    Font shape `T1/lmtt/bx/n' in size <10> not available
(Font)              Font shape `T1/lmtt/b/n' tried instead on input line 64.
[115


]
LaTeX Font Info:    Trying to load font information for TS1+lmtt on input line 
111.
 (C:\Users\lucas\AppData\Local\Programs\MiKTeX\tex/latex/lm\ts1lmtt.fd
File: ts1lmtt.fd 2015/05/01 v1.6.1 Font defs for Latin Modern
)
[116] [117] [118] [119] [120] [121] [122] [123]
Ap\^endice B.
[124

] [125] [126] [127] [128] [129] [130] [131] [132]
Ap\^endice C.

Underfull \hbox (badness 1484) in paragraph at lines 724--725
[]\T1/lmr/bx/n/12 Python: \T1/lmr/m/n/12 ver-s�o 3.10 ou su-pe-rior (re-co-men-
dado: 3.11). O uso de
 []


LaTeX Warning: `!h' float specifier changed to `!ht'.

(C:\Users\lucas\AppData\Local\Programs\MiKTeX\tex/latex/listings\lstlang1.sty
File: lstlang1.sty 2025/11/14 1.11b listings language file
)
(C:\Users\lucas\AppData\Local\Programs\MiKTeX\tex/latex/listings\lstlang1.sty
File: lstlang1.sty 2025/11/14 1.11b listings language file
)
[133

] [134]
Underfull \hbox (badness 1242) in paragraph at lines 830--831
[]|\T1/lmr/m/it/12 Engine \T1/lmr/m/n/12 ma-te-m�-tica: clas-ses \T1/lmtt/m/n/1
2 RobotMathEngine \T1/lmr/m/n/12 e
 []


Underfull \hbox (badness 1173) in paragraph at lines 831--832
\T1/lmr/m/n/12 la-do-res \T1/lmtt/m/n/12 SlidingModeControl\T1/lmr/m/n/12 , \T1
/lmtt/m/n/12 SuperTwistingSMC\T1/lmr/m/n/12 ,
 []


LaTeX Warning: `!h' float specifier changed to `!ht'.

) [135] [136] 
enddocument/afterlastpage (AED): lastpage setting LastPage.
runsystem(latexminted cleantemp  --timestamp 20260425192617 2EF71E68B4AD97F6304
80BCEBC1842FB)...disabled (restricted).

(thesis.aux (dedic.aux) (thanks.aux) (resumo.aux) (abstract.aux)
(Introducao.aux) (RevisaoBibliografica.aux) (ModelagemMatematica.aux)
(SimulacaoNumerica.aux) (Controladores.aux) (Experimentos.aux) (Conclusoes.aux)
(Apendices.aux))
 ***********
LaTeX2e <2025-11-01>
L3 programming layer <2025-12-24>
 ***********


LaTeX Warning: There were multiply-defined labels.

Package rerunfilecheck Info: File `thesis.out' has not changed.
(rerunfilecheck)             Checksum: 6FB993C0EE4D256B36B60665C12740BD;46734.
 ) 
Here is how much of TeX's memory you used:
 39617 strings out of 467870
 802475 string characters out of 5418355
 2156850 words of memory out of 5000000
 66482 multiletter control sequences out of 15000+600000
 726130 words of font info for 100 fonts, out of 8000000 for 9000
 1141 hyphenation exceptions out of 8191
 99i,15n,121p,3352b,2290s stack positions out of 10000i,1000n,20000p,200000b,200000s
<C:/Users/lucas/AppData/Local/Programs/MiKTeX/fonts/type1/public/lm/lmbx12.pf
b><C:/Users/lucas/AppData/Local/Programs/MiKTeX/fonts/type1/public/lm/lmbxi10.p
fb><C:/Users/lucas/AppData/Local/Programs/MiKTeX/fonts/type1/public/lm/lmex10.p
fb><C:/Users/lucas/AppData/Local/Programs/MiKTeX/fonts/type1/public/lm/lmmi10.p
fb><C:/Users/lucas/AppData/Local/Programs/MiKTeX/fonts/type1/public/lm/lmmi12.p
fb><C:/Users/lucas/AppData/Local/Programs/MiKTeX/fonts/type1/public/lm/lmmi6.pf
b><C:/Users/lucas/AppData/Local/Programs/MiKTeX/fonts/type1/public/lm/lmmi8.pfb
><C:/Users/lucas/AppData/Local/Programs/MiKTeX/fonts/type1/public/lm/lmr10.pfb>
<C:/Users/lucas/AppData/Local/Programs/MiKTeX/fonts/type1/public/lm/lmr12.pfb><
C:/Users/lucas/AppData/Local/Programs/MiKTeX/fonts/type1/public/lm/lmr6.pfb><C:
/Users/lucas/AppData/Local/Programs/MiKTeX/fonts/type1/public/lm/lmr8.pfb><C:/U
sers/lucas/AppData/Local/Programs/MiKTeX/fonts/type1/public/lm/lmri10.pfb><C:/U
sers/lucas/AppData/Local/Programs/MiKTeX/fonts/type1/public/lm/lmri12.pfb><C:/U
sers/lucas/AppData/Local/Programs/MiKTeX/fonts/type1/public/lm/lmsy10.pfb><C:/U
sers/lucas/AppData/Local/Programs/MiKTeX/fonts/type1/public/lm/lmsy8.pfb><C:/Us
ers/lucas/AppData/Local/Programs/MiKTeX/fonts/type1/public/lm/lmtk10.pfb><C:/Us
ers/lucas/AppData/Local/Programs/MiKTeX/fonts/type1/public/lm/lmtt10.pfb><C:/Us
ers/lucas/AppData/Local/Programs/MiKTeX/fonts/type1/public/lm/lmtt12.pfb><C:/Us
ers/lucas/AppData/Local/Programs/MiKTeX/fonts/type1/public/lm/lmtti10.pfb><C:/U
sers/lucas/AppData/Local/Programs/MiKTeX/fonts/type1/public/amsfonts/symbols/ms
am10.pfb><C:/Users/lucas/AppData/Local/Programs/MiKTeX/fonts/type1/public/amsfo
nts/symbols/msbm10.pfb>
Output written on thesis.pdf (155 pages, 7657744 bytes).
PDF statistics:
 3965 PDF objects out of 4296 (max. 8388607)
 1254 named destinations out of 1440 (max. 500000)
 1544 words of extra memory for PDF output out of 10000 (max. 10000000)

